{
  "recovered_rows_total": 2840,
  "recovered_by_entry": {
    "000017.SZ@5[1992-04-01..1993-05-01)": 270,
    "600601.SH@0.1[1991-07-01..1992-12-01)": 348,
    "600602.SH@0.01[1991-01-03..1992-12-01)": 470,
    "600603.SH@0.1[1992-05-08..1992-12-01)": 141,
    "600604.SH@0.1[1992-05-11..1992-12-01)": 138,
    "600605.SH@0.1[1992-05-13..1992-12-01)": 136,
    "600606.SH@0.1[1992-05-21..1992-12-01)": 136,
    "600608.SH@0.1[1992-05-21..1992-12-01)": 136,
    "600651.SH@0.04[1990-12-21..1991-06-29)": 105,
    "600651.SH@0.1[1991-09-02..1992-12-01)": 299,
    "600653.SH@0.1[1991-07-01..1992-02-27)": 142,
    "600653.SH@0.1[1992-04-01..1992-12-01)": 166,
    "600654.SH@0.01[1991-07-01..1992-05-30)": 227,
    "600654.SH@0.1[1992-06-01..1992-12-01)": 126
  },
  "residual_classes": {
    "BJ_modern": 1115,
    "post1996_sporadic": 55,
    "pre1996_sporadic_or_transition": 1270,
    "pre1996_unit_leftover": 1388
  },
  "residual_still_registry_matched": 0
}
