[ci_env] 建 venv：/home/gaolei/.local/share/uv/python/cpython-3.13-linux-x86_64-gnu/bin/python3.13 -m venv /tmp/opencode/verify-clone/stock/platform/.venv
[ci_env] 安装：-e ./platform[dev] + 钉版（httpx/polars/typer/rich/click/pytest-timeout）
Obtaining file:///tmp/opencode/verify-clone/stock/platform
  Installing build dependencies: started
  Installing build dependencies: finished with status 'done'
  Checking if build backend supports build_editable: started
  Checking if build backend supports build_editable: finished with status 'done'
  Getting requirements to build editable: started
  Getting requirements to build editable: finished with status 'done'
  Preparing editable metadata (pyproject.toml): started
  Preparing editable metadata (pyproject.toml): finished with status 'done'
Collecting httpx==0.28.1
  Downloading httpx-0.28.1-py3-none-any.whl.metadata (7.1 kB)
Collecting polars==1.44.1
  Using cached polars-1.44.1-py3-none-any.whl.metadata (11 kB)
Collecting typer==0.27.2
  Downloading typer-0.27.2-py3-none-any.whl.metadata (16 kB)
Collecting rich==15.0.0
  Downloading rich-15.0.0-py3-none-any.whl.metadata (18 kB)
Collecting click==8.5.0
  Downloading click-8.5.0-py3-none-any.whl.metadata (2.6 kB)
Collecting pytest-timeout==2.4.0
  Downloading pytest_timeout-2.4.0-py3-none-any.whl.metadata (20 kB)
Collecting numpy>=1.26 (from factorlab==0.1.0)
  Downloading numpy-2.5.3-cp313-cp313-manylinux_2_27_x86_64.manylinux_2_28_x86_64.whl.metadata (6.6 kB)
Collecting duckdb>=1.5 (from factorlab==0.1.0)
  Downloading duckdb-1.5.5-cp313-cp313-manylinux_2_26_x86_64.manylinux_2_28_x86_64.whl.metadata (4.2 kB)
Collecting pyarrow<21,>=20 (from factorlab==0.1.0)
  Downloading pyarrow-20.0.0-cp313-cp313-manylinux_2_17_x86_64.manylinux2014_x86_64.whl.metadata (3.3 kB)
Collecting clickhouse-connect>=1.7 (from factorlab==0.1.0)
  Downloading clickhouse_connect-1.8.0-cp313-cp313-manylinux2014_x86_64.manylinux_2_17_x86_64.manylinux_2_28_x86_64.whl.metadata (6.9 kB)
Collecting pyyaml>=6 (from factorlab==0.1.0)
  Downloading pyyaml-6.0.3-cp313-cp313-manylinux2014_x86_64.manylinux_2_17_x86_64.manylinux_2_28_x86_64.whl.metadata (2.4 kB)
Collecting pydantic>=2.12 (from factorlab==0.1.0)
  Downloading pydantic-2.13.5-py3-none-any.whl.metadata (110 kB)
Collecting pydantic-settings>=2.14 (from factorlab==0.1.0)
  Downloading pydantic_settings-2.15.0-py3-none-any.whl.metadata (3.9 kB)
Collecting expr-codegen>=0.16.6 (from factorlab==0.1.0)
  Downloading expr_codegen-0.16.6-py3-none-any.whl.metadata (15 kB)
Collecting polars-ta>=0.5.17 (from factorlab==0.1.0)
  Downloading polars_ta-0.5.17-py3-none-any.whl.metadata (8.9 kB)
Collecting fastapi>=0.136 (from factorlab==0.1.0)
  Downloading fastapi-0.141.1-py3-none-any.whl.metadata (27 kB)
Collecting uvicorn>=0.45 (from factorlab==0.1.0)
  Downloading uvicorn-0.53.0-py3-none-any.whl.metadata (6.6 kB)
Collecting jinja2>=3.1 (from factorlab==0.1.0)
  Downloading jinja2-3.1.6-py3-none-any.whl.metadata (2.9 kB)
Collecting plotly>=6.7 (from factorlab==0.1.0)
  Downloading plotly-7.1.0-py3-none-any.whl.metadata (8.8 kB)
Collecting requests>=2.32 (from factorlab==0.1.0)
  Downloading requests-2.34.2-py3-none-any.whl.metadata (4.8 kB)
Collecting psutil>=7.2 (from factorlab==0.1.0)
  Downloading psutil-7.2.2-cp36-abi3-manylinux2010_x86_64.manylinux_2_12_x86_64.manylinux_2_28_x86_64.whl.metadata (22 kB)
Collecting pandas>=2 (from factorlab==0.1.0)
  Downloading pandas-3.0.6-cp313-cp313-manylinux_2_24_x86_64.manylinux_2_28_x86_64.whl.metadata (79 kB)
Collecting openpyxl>=3.1 (from factorlab==0.1.0)
  Downloading openpyxl-3.1.5-py2.py3-none-any.whl.metadata (2.5 kB)
Collecting pytest>=8 (from factorlab==0.1.0)
  Downloading pytest-9.1.1-py3-none-any.whl.metadata (7.6 kB)
Collecting pytest-cov>=6 (from factorlab==0.1.0)
  Downloading pytest_cov-7.1.0-py3-none-any.whl.metadata (32 kB)
Collecting anyio (from httpx==0.28.1)
  Downloading anyio-4.15.1-py3-none-any.whl.metadata (4.7 kB)
Collecting certifi (from httpx==0.28.1)
  Downloading certifi-2026.7.22-py3-none-any.whl.metadata (2.5 kB)
Collecting httpcore==1.* (from httpx==0.28.1)
  Downloading httpcore-1.0.9-py3-none-any.whl.metadata (21 kB)
Collecting idna (from httpx==0.28.1)
  Downloading idna-3.20-py3-none-any.whl.metadata (7.2 kB)
Collecting polars-runtime-32==1.44.1 (from polars==1.44.1)
  Using cached polars_runtime_32-1.44.1-cp310-abi3-manylinux_2_17_x86_64.manylinux2014_x86_64.whl.metadata (1.5 kB)
Collecting shellingham>=1.3.0 (from typer==0.27.2)
  Downloading shellingham-1.5.4-py2.py3-none-any.whl.metadata (3.5 kB)
Collecting annotated-doc>=0.0.2 (from typer==0.27.2)
  Downloading annotated_doc-0.0.5-py3-none-any.whl.metadata (6.5 kB)
Collecting markdown-it-py>=2.2.0 (from rich==15.0.0)
  Downloading markdown_it_py-4.2.0-py3-none-any.whl.metadata (7.4 kB)
Collecting pygments<3.0.0,>=2.13.0 (from rich==15.0.0)
  Downloading pygments-2.21.0-py3-none-any.whl.metadata (2.5 kB)
Collecting h11>=0.16 (from httpcore==1.*->httpx==0.28.1)
  Downloading h11-0.16.0-py3-none-any.whl.metadata (8.3 kB)
Collecting urllib3>=1.26 (from clickhouse-connect>=1.7->factorlab==0.1.0)
  Downloading urllib3-2.8.0-py3-none-any.whl.metadata (7.4 kB)
Collecting backports.zstd>=1.3.0 (from clickhouse-connect>=1.7->factorlab==0.1.0)
  Downloading backports_zstd-1.7.0-cp313-cp313-manylinux2014_x86_64.manylinux_2_17_x86_64.manylinux_2_28_x86_64.whl.metadata (6.8 kB)
Collecting lz4 (from clickhouse-connect>=1.7->factorlab==0.1.0)
  Downloading lz4-4.4.5-cp313-cp313-manylinux2014_x86_64.manylinux_2_17_x86_64.manylinux_2_28_x86_64.whl.metadata (3.8 kB)
Collecting ast-comments (from expr-codegen>=0.16.6->factorlab==0.1.0)
  Downloading ast_comments-1.3.0-py3-none-any.whl.metadata (2.2 kB)
Collecting black (from expr-codegen>=0.16.6->factorlab==0.1.0)
  Downloading black-26.5.1-cp313-cp313-manylinux2014_x86_64.manylinux_2_17_x86_64.manylinux_2_28_x86_64.whl.metadata (95 kB)
Collecting loguru (from expr-codegen>=0.16.6->factorlab==0.1.0)
  Downloading loguru-0.7.3-py3-none-any.whl.metadata (22 kB)
Collecting networkx (from expr-codegen>=0.16.6->factorlab==0.1.0)
  Downloading networkx-3.6.1-py3-none-any.whl.metadata (6.8 kB)
Collecting sympy (from expr-codegen>=0.16.6->factorlab==0.1.0)
  Downloading sympy-1.14.0-py3-none-any.whl.metadata (12 kB)
Collecting starlette>=0.46.0 (from fastapi>=0.136->factorlab==0.1.0)
  Downloading starlette-1.6.0-py3-none-any.whl.metadata (6.4 kB)
Collecting typing-extensions>=4.8.0 (from fastapi>=0.136->factorlab==0.1.0)
  Downloading typing_extensions-4.16.0-py3-none-any.whl.metadata (3.3 kB)
Collecting typing-inspection>=0.4.2 (from fastapi>=0.136->factorlab==0.1.0)
  Downloading typing_inspection-0.4.4-py3-none-any.whl.metadata (2.6 kB)
Collecting MarkupSafe>=2.0 (from jinja2>=3.1->factorlab==0.1.0)
  Downloading markupsafe-3.0.3-cp313-cp313-manylinux2014_x86_64.manylinux_2_17_x86_64.manylinux_2_28_x86_64.whl.metadata (2.7 kB)
Collecting mdurl~=0.1 (from markdown-it-py>=2.2.0->rich==15.0.0)
  Downloading mdurl-0.1.2-py3-none-any.whl.metadata (1.6 kB)
Collecting et-xmlfile (from openpyxl>=3.1->factorlab==0.1.0)
  Downloading et_xmlfile-2.0.0-py3-none-any.whl.metadata (2.7 kB)
Collecting python-dateutil>=2.8.2 (from pandas>=2->factorlab==0.1.0)
  Downloading python_dateutil-2.9.0.post0-py2.py3-none-any.whl.metadata (8.4 kB)
Collecting narwhals>=1.15.1 (from plotly>=6.7->factorlab==0.1.0)
  Downloading narwhals-2.26.0-py3-none-any.whl.metadata (15 kB)
Collecting packaging (from plotly>=6.7->factorlab==0.1.0)
  Downloading packaging-26.3-py3-none-any.whl.metadata (3.5 kB)
Collecting more-itertools (from polars-ta>=0.5.17->factorlab==0.1.0)
  Downloading more_itertools-11.1.0-py3-none-any.whl.metadata (41 kB)
Collecting numba (from polars-ta>=0.5.17->factorlab==0.1.0)
  Downloading numba-0.67.0-cp313-cp313-manylinux2014_x86_64.manylinux_2_17_x86_64.whl.metadata (2.7 kB)
Collecting polars-ols>=0.3.0 (from polars-ta>=0.5.17->factorlab==0.1.0)
  Downloading polars_ols-0.3.5-cp38-abi3-manylinux_2_17_x86_64.manylinux2014_x86_64.whl.metadata (18 kB)
Collecting annotated-types>=0.6.0 (from pydantic>=2.12->factorlab==0.1.0)
  Downloading annotated_types-0.8.0-py3-none-any.whl.metadata (15 kB)
Collecting pydantic-core==2.46.5 (from pydantic>=2.12->factorlab==0.1.0)
  Downloading pydantic_core-2.46.5-cp313-cp313-manylinux_2_17_x86_64.manylinux2014_x86_64.whl.metadata (6.6 kB)
Collecting python-dotenv>=0.21.0 (from pydantic-settings>=2.14->factorlab==0.1.0)
  Downloading python_dotenv-1.2.3-py3-none-any.whl.metadata (29 kB)
Collecting iniconfig>=1.0.1 (from pytest>=8->factorlab==0.1.0)
  Downloading iniconfig-2.3.0-py3-none-any.whl.metadata (2.5 kB)
Collecting pluggy<2,>=1.5 (from pytest>=8->factorlab==0.1.0)
  Downloading pluggy-1.6.0-py3-none-any.whl.metadata (4.8 kB)
Collecting coverage>=7.10.6 (from coverage[toml]>=7.10.6->pytest-cov>=6->factorlab==0.1.0)
  Downloading coverage-7.16.1-cp313-cp313-manylinux1_x86_64.manylinux_2_28_x86_64.manylinux_2_5_x86_64.whl.metadata (8.2 kB)
Collecting six>=1.5 (from python-dateutil>=2.8.2->pandas>=2->factorlab==0.1.0)
  Downloading six-1.17.0-py2.py3-none-any.whl.metadata (1.7 kB)
Collecting charset_normalizer<4,>=2 (from requests>=2.32->factorlab==0.1.0)
  Downloading charset_normalizer-3.5.1-cp313-cp313-manylinux2014_x86_64.manylinux_2_17_x86_64.manylinux_2_28_x86_64.whl.metadata (45 kB)
Collecting mypy-extensions>=0.4.3 (from black->expr-codegen>=0.16.6->factorlab==0.1.0)
  Downloading mypy_extensions-1.1.0-py3-none-any.whl.metadata (1.1 kB)
Collecting pathspec>=1.0.0 (from black->expr-codegen>=0.16.6->factorlab==0.1.0)
  Downloading pathspec-1.1.1-py3-none-any.whl.metadata (14 kB)
Collecting platformdirs>=2 (from black->expr-codegen>=0.16.6->factorlab==0.1.0)
  Downloading platformdirs-4.11.11-py3-none-any.whl.metadata (5.5 kB)
Collecting pytokens~=0.4.0 (from black->expr-codegen>=0.16.6->factorlab==0.1.0)
  Downloading pytokens-0.4.1-cp313-cp313-manylinux2014_x86_64.manylinux_2_17_x86_64.manylinux_2_28_x86_64.whl.metadata (3.8 kB)
Collecting llvmlite<0.50,>=0.49.0dev0 (from numba->polars-ta>=0.5.17->factorlab==0.1.0)
  Downloading llvmlite-0.49.0-cp313-cp313-manylinux2014_x86_64.manylinux_2_17_x86_64.whl.metadata (5.0 kB)
Collecting mpmath<1.4,>=1.1.0 (from sympy->expr-codegen>=0.16.6->factorlab==0.1.0)
  Downloading mpmath-1.3.0-py3-none-any.whl.metadata (8.6 kB)
Downloading httpx-0.28.1-py3-none-any.whl (73 kB)
Using cached polars-1.44.1-py3-none-any.whl (865 kB)
Downloading typer-0.27.2-py3-none-any.whl (123 kB)
Downloading rich-15.0.0-py3-none-any.whl (310 kB)
Downloading click-8.5.0-py3-none-any.whl (125 kB)
Downloading pytest_timeout-2.4.0-py3-none-any.whl (14 kB)
Using cached polars_runtime_32-1.44.1-cp310-abi3-manylinux_2_17_x86_64.manylinux2014_x86_64.whl (58.6 MB)
Downloading httpcore-1.0.9-py3-none-any.whl (78 kB)
Downloading pyarrow-20.0.0-cp313-cp313-manylinux_2_17_x86_64.manylinux2014_x86_64.whl (42.4 MB)
   ━━━━━━━━━━━━━━━━━━━━━━━━━━━━━━━━━━━━━━━━ 42.4/42.4 MB 12.8 MB/s  0:00:03
Downloading pygments-2.21.0-py3-none-any.whl (1.3 MB)
   ━━━━━━━━━━━━━━━━━━━━━━━━━━━━━━━━━━━━━━━━ 1.3/1.3 MB 83.8 MB/s  0:00:00
Downloading annotated_doc-0.0.5-py3-none-any.whl (5.3 kB)
Downloading clickhouse_connect-1.8.0-cp313-cp313-manylinux2014_x86_64.manylinux_2_17_x86_64.manylinux_2_28_x86_64.whl (1.4 MB)
   ━━━━━━━━━━━━━━━━━━━━━━━━━━━━━━━━━━━━━━━━ 1.4/1.4 MB 74.4 MB/s  0:00:00
Downloading backports_zstd-1.7.0-cp313-cp313-manylinux2014_x86_64.manylinux_2_17_x86_64.manylinux_2_28_x86_64.whl (492 kB)
Downloading duckdb-1.5.5-cp313-cp313-manylinux_2_26_x86_64.manylinux_2_28_x86_64.whl (21.5 MB)
   ━━━━━━━━━━━━━━━━━━━━━━━━━━━━━━━━━━━━━━━━ 21.5/21.5 MB 26.4 MB/s  0:00:00
Downloading expr_codegen-0.16.6-py3-none-any.whl (54 kB)
Downloading fastapi-0.141.1-py3-none-any.whl (131 kB)
Downloading h11-0.16.0-py3-none-any.whl (37 kB)
Downloading jinja2-3.1.6-py3-none-any.whl (134 kB)
Downloading markdown_it_py-4.2.0-py3-none-any.whl (91 kB)
Downloading mdurl-0.1.2-py3-none-any.whl (10.0 kB)
Downloading markupsafe-3.0.3-cp313-cp313-manylinux2014_x86_64.manylinux_2_17_x86_64.manylinux_2_28_x86_64.whl (22 kB)
Downloading numpy-2.5.3-cp313-cp313-manylinux_2_27_x86_64.manylinux_2_28_x86_64.whl (16.7 MB)
   ━━━━━━━━━━━━━━━━━━━━━━━━━━━━━━━━━━━━━━━━ 16.7/16.7 MB 25.0 MB/s  0:00:00
Downloading openpyxl-3.1.5-py2.py3-none-any.whl (250 kB)
Downloading pandas-3.0.6-cp313-cp313-manylinux_2_24_x86_64.manylinux_2_28_x86_64.whl (10.8 MB)
   ━━━━━━━━━━━━━━━━━━━━━━━━━━━━━━━━━━━━━━━━ 10.8/10.8 MB 26.1 MB/s  0:00:00
Downloading plotly-7.1.0-py3-none-any.whl (9.7 MB)
   ━━━━━━━━━━━━━━━━━━━━━━━━━━━━━━━━━━━━━━━━ 9.7/9.7 MB 14.5 MB/s  0:00:00
Downloading narwhals-2.26.0-py3-none-any.whl (474 kB)
Downloading polars_ta-0.5.17-py3-none-any.whl (91 kB)
Downloading polars_ols-0.3.5-cp38-abi3-manylinux_2_17_x86_64.manylinux2014_x86_64.whl (15.3 MB)
   ━━━━━━━━━━━━━━━━━━━━━━━━━━━━━━━━━━━━━━━━ 15.3/15.3 MB 25.1 MB/s  0:00:00
Downloading psutil-7.2.2-cp36-abi3-manylinux2010_x86_64.manylinux_2_12_x86_64.manylinux_2_28_x86_64.whl (155 kB)
Downloading pydantic-2.13.5-py3-none-any.whl (472 kB)
Downloading pydantic_core-2.46.5-cp313-cp313-manylinux_2_17_x86_64.manylinux2014_x86_64.whl (2.1 MB)
   ━━━━━━━━━━━━━━━━━━━━━━━━━━━━━━━━━━━━━━━━ 2.1/2.1 MB 41.9 MB/s  0:00:00
Downloading annotated_types-0.8.0-py3-none-any.whl (13 kB)
Downloading pydantic_settings-2.15.0-py3-none-any.whl (69 kB)
Downloading pytest-9.1.1-py3-none-any.whl (386 kB)
Downloading pluggy-1.6.0-py3-none-any.whl (20 kB)
Downloading iniconfig-2.3.0-py3-none-any.whl (7.5 kB)
Downloading packaging-26.3-py3-none-any.whl (129 kB)
Downloading pytest_cov-7.1.0-py3-none-any.whl (22 kB)
Downloading coverage-7.16.1-cp313-cp313-manylinux1_x86_64.manylinux_2_28_x86_64.manylinux_2_5_x86_64.whl (257 kB)
Downloading python_dateutil-2.9.0.post0-py2.py3-none-any.whl (229 kB)
Downloading python_dotenv-1.2.3-py3-none-any.whl (22 kB)
Downloading pyyaml-6.0.3-cp313-cp313-manylinux2014_x86_64.manylinux_2_17_x86_64.manylinux_2_28_x86_64.whl (801 kB)
   ━━━━━━━━━━━━━━━━━━━━━━━━━━━━━━━━━━━━━━━━ 801.6/801.6 kB 33.3 MB/s  0:00:00
Downloading requests-2.34.2-py3-none-any.whl (73 kB)
Downloading charset_normalizer-3.5.1-cp313-cp313-manylinux2014_x86_64.manylinux_2_17_x86_64.manylinux_2_28_x86_64.whl (250 kB)
Downloading idna-3.20-py3-none-any.whl (69 kB)
Downloading urllib3-2.8.0-py3-none-any.whl (135 kB)
Downloading certifi-2026.7.22-py3-none-any.whl (136 kB)
Downloading shellingham-1.5.4-py2.py3-none-any.whl (9.8 kB)
Downloading six-1.17.0-py2.py3-none-any.whl (11 kB)
Downloading starlette-1.6.0-py3-none-any.whl (75 kB)
Downloading anyio-4.15.1-py3-none-any.whl (132 kB)
Downloading typing_extensions-4.16.0-py3-none-any.whl (45 kB)
Downloading typing_inspection-0.4.4-py3-none-any.whl (14 kB)
Downloading uvicorn-0.53.0-py3-none-any.whl (87 kB)
Downloading ast_comments-1.3.0-py3-none-any.whl (5.9 kB)
Downloading black-26.5.1-cp313-cp313-manylinux2014_x86_64.manylinux_2_17_x86_64.manylinux_2_28_x86_64.whl (1.9 MB)
   ━━━━━━━━━━━━━━━━━━━━━━━━━━━━━━━━━━━━━━━━ 1.9/1.9 MB 36.9 MB/s  0:00:00
Downloading pytokens-0.4.1-cp313-cp313-manylinux2014_x86_64.manylinux_2_17_x86_64.manylinux_2_28_x86_64.whl (268 kB)
Downloading mypy_extensions-1.1.0-py3-none-any.whl (5.0 kB)
Downloading pathspec-1.1.1-py3-none-any.whl (57 kB)
Downloading platformdirs-4.11.11-py3-none-any.whl (24 kB)
Downloading et_xmlfile-2.0.0-py3-none-any.whl (18 kB)
Downloading loguru-0.7.3-py3-none-any.whl (61 kB)
Downloading lz4-4.4.5-cp313-cp313-manylinux2014_x86_64.manylinux_2_17_x86_64.manylinux_2_28_x86_64.whl (1.4 MB)
   ━━━━━━━━━━━━━━━━━━━━━━━━━━━━━━━━━━━━━━━━ 1.4/1.4 MB 37.4 MB/s  0:00:00
Downloading more_itertools-11.1.0-py3-none-any.whl (72 kB)
Downloading networkx-3.6.1-py3-none-any.whl (2.1 MB)
   ━━━━━━━━━━━━━━━━━━━━━━━━━━━━━━━━━━━━━━━━ 2.1/2.1 MB 37.7 MB/s  0:00:00
Downloading numba-0.67.0-cp313-cp313-manylinux2014_x86_64.manylinux_2_17_x86_64.whl (3.9 MB)
   ━━━━━━━━━━━━━━━━━━━━━━━━━━━━━━━━━━━━━━━━ 3.9/3.9 MB 24.0 MB/s  0:00:00
Downloading llvmlite-0.49.0-cp313-cp313-manylinux2014_x86_64.manylinux_2_17_x86_64.whl (59.9 MB)
   ━━━━━━━━━━━━━━━━━━━━━━━━━━━━━━━━━━━━━━━━ 59.9/59.9 MB 22.9 MB/s  0:00:02
Downloading sympy-1.14.0-py3-none-any.whl (6.3 MB)
   ━━━━━━━━━━━━━━━━━━━━━━━━━━━━━━━━━━━━━━━━ 6.3/6.3 MB 15.3 MB/s  0:00:00
Downloading mpmath-1.3.0-py3-none-any.whl (536 kB)
   ━━━━━━━━━━━━━━━━━━━━━━━━━━━━━━━━━━━━━━━━ 536.2/536.2 kB 20.7 MB/s  0:00:00
Building wheels for collected packages: factorlab
  Building editable for factorlab (pyproject.toml): started
  Building editable for factorlab (pyproject.toml): finished with status 'done'
  Created wheel for factorlab: filename=factorlab-0.1.0-0.editable-py3-none-any.whl size=1782 sha256=651def3e2e8dd98b5e2ec6fa0e3ecd5b5280bd994b3bc07917ac728c8112515e
  Stored in directory: /tmp/pip-ephem-wheel-cache-rb8vcb5w/wheels/a4/42/82/e63f7b3c196a76e37ea41b21244543e219deadf8b09a8702c2
Successfully built factorlab
Installing collected packages: mpmath, urllib3, typing-extensions, sympy, six, shellingham, pyyaml, pytokens, python-dotenv, pygments, pyarrow, psutil, polars-runtime-32, pluggy, platformdirs, pathspec, packaging, numpy, networkx, narwhals, mypy-extensions, more-itertools, mdurl, MarkupSafe, lz4, loguru, llvmlite, iniconfig, idna, h11, et-xmlfile, duckdb, coverage, click, charset_normalizer, certifi, backports.zstd, ast-comments, annotated-types, annotated-doc, uvicorn, typing-inspection, requests, python-dateutil, pytest, pydantic-core, polars, plotly, openpyxl, numba, markdown-it-py, jinja2, httpcore, clickhouse-connect, black, anyio, starlette, rich, pytest-timeout, pytest-cov, pydantic, polars-ols, pandas, httpx, expr-codegen, typer, pydantic-settings, polars-ta, fastapi, factorlab

Successfully installed MarkupSafe-3.0.3 annotated-doc-0.0.5 annotated-types-0.8.0 anyio-4.15.1 ast-comments-1.3.0 backports.zstd-1.7.0 black-26.5.1 certifi-2026.7.22 charset_normalizer-3.5.1 click-8.5.0 clickhouse-connect-1.8.0 coverage-7.16.1 duckdb-1.5.5 et-xmlfile-2.0.0 expr-codegen-0.16.6 factorlab-0.1.0 fastapi-0.141.1 h11-0.16.0 httpcore-1.0.9 httpx-0.28.1 idna-3.20 iniconfig-2.3.0 jinja2-3.1.6 llvmlite-0.49.0 loguru-0.7.3 lz4-4.4.5 markdown-it-py-4.2.0 mdurl-0.1.2 more-itertools-11.1.0 mpmath-1.3.0 mypy-extensions-1.1.0 narwhals-2.26.0 networkx-3.6.1 numba-0.67.0 numpy-2.5.3 openpyxl-3.1.5 packaging-26.3 pandas-3.0.6 pathspec-1.1.1 platformdirs-4.11.11 plotly-7.1.0 pluggy-1.6.0 polars-1.44.1 polars-ols-0.3.5 polars-runtime-32-1.44.1 polars-ta-0.5.17 psutil-7.2.2 pyarrow-20.0.0 pydantic-2.13.5 pydantic-core-2.46.5 pydantic-settings-2.15.0 pygments-2.21.0 pytest-9.1.1 pytest-cov-7.1.0 pytest-timeout-2.4.0 python-dateutil-2.9.0.post0 python-dotenv-1.2.3 pytokens-0.4.1 pyyaml-6.0.3 requests-2.34.2 rich-15.0.0 shellingham-1.5.4 six-1.17.0 starlette-1.6.0 sympy-1.14.0 typer-0.27.2 typing-extensions-4.16.0 typing-inspection-0.4.4 urllib3-2.8.0 uvicorn-0.53.0

[notice] A new release of pip is available: 26.0.1 -> 26.2.1
[notice] To update, run: /tmp/opencode/verify-clone/stock/platform/.venv/bin/python -m pip install --upgrade pip
[ci_env] 就绪：python=Python 3.13.13；factorlab=/tmp/opencode/verify-clone/stock/platform/src/factorlab/__init__.py
[verify] fast 云端等价环境：CH=127.0.0.1:1（不可达）、QUANTRESEARCH_ROOT=/tmp/opencode/verify-clone/stock/.ci-no-product-area、STOCK_ROOT=/tmp/opencode/verify-clone/stock

---- [verify] step=gates-offline ----
== stock gates ==
[G-OFFLINE] 离线模式：SKIP 依赖研究产物区/台账的门（G-INDEX / G-ANNOTATE / G-REVIEWS / G-REF sidecar；
[G-OFFLINE] G-LINT 无产物区时 SKIP），静态门照跑；SKIP 原因逐条打印 [G-OFFLINE]。
[G-COPY] 三方内容不互串 · 契约文档单副本
    ✓ platform/ 顶层无 factor 目录（tools/ 为数据生产线）
    ✓ platform/tools 存在（数据生产线工具集）
    ✓ research/ 顶层无平台 src|tests
    ✓ knowledge/contracts/interface.md 单副本
    ✓ knowledge/contracts/catalog.md 单副本
    ✓ knowledge/contracts/data-ops-playbook.md 单副本
    ✓ knowledge/contracts/teajoin-guide.md 单副本
[G-BOUNDARY] platform/ 不得 import research/
    ✓ 无 platform→research 依赖
[G-LEGACY] 旧路径/旧仓库名残留 = 0（冻结文档豁免）
    ✓ 活文件零残留（tracked+untracked；豁免：3 份历史文档 + data-map 归档行 + R17 删除记录行）
    ✓ 已迁路径活引用零残留（R06-M9+R07：docs/*、runs 旧路径、工具旧路径、emb、裸 results/；tracked+untracked）
[G-PATHS] pyproject / pytest 路径自洽
    ✓ platform pythonpath=src
    ✓ platform/src/factorlab 存在
    ✓ research 有 testpaths
    ✓ 根无 pyproject.toml
[G-IMPORTS] 全仓 factorlab.* 导入可解析（含负向自检）
    ✓ 自检通过（能抓到迁移遗漏）
    ✓ G-IMPORTS 通过（扫描 552 个文件）
[G-INDEX] 因子/策略/composite 索引与生成器一致 · spec↔档案成对
    [G-OFFLINE] SKIP G-INDEX（三索引 + 成对门） —— 需要研究产物区（spec/档案/索引）：/tmp/opencode/verify-clone/stock/.ci-no-product-area
[G-ANNOTATE] 因子档案 snapshot 标注齐备（R21 约定）
    [G-OFFLINE] SKIP G-ANNOTATE（档案 snapshot） —— 档案在产物区：/tmp/opencode/verify-clone/stock/.ci-no-product-area/dossiers
[G-REVIEWS] 评审台账口径（ID 唯一/状态词表/引用路径/统计实计）
    [G-OFFLINE] SKIP G-REVIEWS（评审台账） —— 台账引用 runs/ 产物，干净 checkout/离线不可解析
[G-LINT] 全库因子 spec lint（单进程批跑；挖矿在途 spec 一并计入）
    [G-OFFLINE] SKIP G-LINT（全库因子 spec lint） —— 研究产物区不在盘：/tmp/opencode/verify-clone/stock/.ci-no-product-area/factor
[G-VENV] 平台 editable 落位断言
    ✓ factorlab → platform/src ✓
    ✓ quant_core 独立包已删除（内核并入 factorlab）✓

[G-TOPO] 工具拓扑：依赖方向 / 横向耦合
  ✓ 0 处（core 不做反向依赖、生产不带诊断、工具不互相 import、lib 是叶子）
  ✓ 负向自检：四类违规各命中 1 处、合法路径零误报

  ⏸ 暂停豁免：platform/tools/lob_fact（tick 全线暂停，pending-items #23；恢复时移除本豁免并一次修完）
[G-CONTRACT/工具树分区字面量] ENFORCED：`year=` 只许经 core.factio.partitions
  ✓ 0 处（AST：非 docstring 字符串常量）
[G-MARK] ENFORCED：标记/断点名只经 lib.writekit 单点 API
  ✓ 0 处（注释/print 文案不算；writekit 自身豁免）
[G-CONTRACT/平台表名字面量] REPORT：71 处（未竟 → governance/workspace/pending-items.md #12①）
      platform/src/factorlab/adapters/catalog.py:169: 'adj_factor'
      platform/src/factorlab/adapters/catalog.py:213: 'daily_basic'
      platform/src/factorlab/adapters/intraday.py:62: 'bars_1m'
      platform/src/factorlab/adapters/intraday.py:63: 'tick_trades'
      platform/src/factorlab/adapters/intraday.py:64: 'tick_orders'
[G-MARK/接线] ENFORCED：用 `W.` 的模块必须导入 lib.writekit
  ✓ 0 处（漏 import 会在 main() 运行时才炸，门提前拦住）
[G-READ] ENFORCED：工具树直读 parquet 只允许登记点，且不指向事实库分区
  ✓ 0 处违规（登记 48 个理由明确的直读点；新增未登记即失败）
数据接口门：ENFORCED 全绿
  ✓ 负向自检：分区字面量 3 / 标记直构 3 / 直读 3 / 漏 import 1 处违规被抓到；docstring、writekit API、print 文案、登记过的 manifest 读均不误伤

[G-REF] 参考库基础指标审计
    [G-OFFLINE] SKIP G-REF（参考库 sidecar/指纹） —— 侧车与产物在产物区：/tmp/opencode/verify-clone/stock/.ci-no-product-area/results

结构门：全绿
数据接口门：ENFORCED 判定（AST）+ REPORT 未竟计数（见 governance/ops/check_dataiface.py）
[verify] step=gates-offline rc=0

---- [verify] step=ci-env ----
[ci_env] 复用现有 venv（钉版满足）：/tmp/opencode/verify-clone/stock/platform/.venv
[ci_env] python=Python 3.13.13；factorlab=/tmp/opencode/verify-clone/stock/platform/src/factorlab/__init__.py
[verify] step=ci-env rc=0

---- [verify] step=pytest-platform ----
....................ss.......................................................ssssssssssss........................ssssss...........s....ssssssssssssssssssssssssssssssssssssssss................. [  4%]
.............................................................................ss....................................................................................................sssssssssssss [  9%]
sssssssssssssssssssssssssssssssssssssssssss...................................................................................ssssssssssssss.................................................... [ 14%]
.......sss....s...........s..ssssssssssssssss.ss...................................................................................................................s........................ssss [ 19%]
ss.........................................sssss................................................................................................................................................ [ 24%]
....................................................ssss............................................sssssssssss................................................................................. [ 29%]
........ss...................................................................................................................................................................................... [ 34%]
..................................................................................sssssssssssssssssssssssssssssssssss........................................................................... [ 39%]
.....................s....................................................................................................ssssssssssssssssss...ssssssssssss..sssssss............................ [ 44%]
.................sss.................ssssssssssssssssssssssssssssssss...ssssssssssssssssssssssssssssssssssssssssssssssssssssssssssssssssssssssssssssssssssssssss.ssssss...........ssssss........ [ 49%]
.........................................ss.sssssssss......ssssssssss..ssssssssssssssssssss....................................................................s................................ [ 54%]
............................................................................................................ssssssssssssssssssssssssssssssssssssssssssssssss...ss............................... [ 59%]
...ssssssssss...................................ssss....ssssssssssssssssssssssssssssssssssssssssssssssssssssssssssssssssssssssssssssssssssssssssssssssssssssssssssss.......................sssss [ 64%]
sssssssssssssssssss.ssssssssssss...........................................................................................................................................................ss..s [ 69%]
sssssss.............ss...........sssssssssssss...................................................................s............ss............................................ssssssssssssssssssss [ 73%]
ssssssssssssssssssssssssssssssssss.ss.ss.................................................ssss..ss......ssssssss..................ss..ssssssssssss.ssssssssssssssss.............................. [ 78%]
ssssssssssssssssssss.ssssss..ssssssssssssssssssssssssss...ssssssssssssssssssssssssssss.ssssssssssss...ssssssssssssssssssssssssssssssssssssssssssss............................................ss [ 83%]
ssssssssssssssssssssssssssssssssssssssssssssssss....ssssssssssssssssssssssssssssssssssssssssssssss.............................................................................................. [ 88%]
...................................................................................................................ssss......................................................................... [ 93%]
.........................................................................ssssssssssssssssssss........ssssssssssssssssssssssssssssssssssssssssssssssss...........ssssssssssssssssssss............ [ 98%]
.....................................................                                                                                                                                            [100%]
=========================================================================================== warnings summary ===========================================================================================
.venv/lib/python3.13/site-packages/fastapi/testclient.py:1
  /tmp/opencode/verify-clone/stock/platform/.venv/lib/python3.13/site-packages/fastapi/testclient.py:1: StarletteDeprecationWarning: Using `httpx` with `starlette.testclient` is deprecated; install `httpx2` instead.
    from starlette.testclient import TestClient as TestClient  # noqa

.venv/lib/python3.13/site-packages/starlette/testclient.py:53
  /tmp/opencode/verify-clone/stock/platform/.venv/lib/python3.13/site-packages/starlette/testclient.py:53: DeprecationWarning: The anyio.abc.BlockingPortal alias is deprecated, use anyio.from_thread.BlockingPortal instead.
    _PortalFactoryType = Callable[[], AbstractContextManager[anyio.abc.BlockingPortal]]

tests/test_batch_flock.py: 26 warnings
  /home/gaolei/.local/share/uv/python/cpython-3.13.13-linux-x86_64-gnu/lib/python3.13/multiprocessing/popen_fork.py:67: DeprecationWarning: This process (pid=14164) is multi-threaded, use of fork() may lead to deadlocks in the child.
    self.pid = os.fork()

tests/test_cli.py: 1 warning
tests/test_correlation.py: 3 warnings
tests/test_reference_library.py: 2 warnings
tests/test_research_factor.py: 2 warnings
tests/test_web.py: 2 warnings
  /tmp/opencode/verify-clone/stock/platform/src/factorlab/app/analysis/correlation.py:102: DeprecationWarning: the argument `columns` for `DataFrame.pivot` is deprecated. It was renamed to `on` in version 1.0.0.
    joined = long.pivot(index=["date", "code"], columns="factor",

-- Docs: https://docs.pytest.org/en/stable/how-to/capture-warnings.html
2796 passed, 1097 skipped, 1 deselected, 38 warnings in 158.23s (0:02:38)
[verify] step=pytest-platform rc=0

---- [verify] step=pytest-platform-tools ----
................................................................................................................................................................................................ [ 21%]
................................................................................................................................................................................................ [ 42%]
...........................................s.................................................................................................................................................... [ 63%]
................................................................................................................................................................................................ [ 84%]
..................................................................................................................................................                                               [100%]
913 passed, 1 skipped, 7 deselected in 105.06s (0:01:45)
[verify] step=pytest-platform-tools rc=0

---- [verify] step=pytest-research-tools ----
sss.........ss..................ssss.........s......................................................                                                                                             [100%]
90 passed, 10 skipped, 3 deselected in 2.06s
[verify] step=pytest-research-tools rc=0

---- [verify] step=pytest-governance-ops ----
.................................................................................................................................                                                                [100%]
129 passed in 14.66s
[verify] step=pytest-governance-ops rc=0

== [verify] 汇总（profile=fast root=/tmp/opencode/verify-clone/stock）==
  gates-offline            rc=0
  ci-env                   rc=0
  pytest-platform          rc=0
  pytest-platform-tools    rc=0
  pytest-research-tools    rc=0
  pytest-governance-ops    rc=0
== [verify] 结论：rc=0（0 全过 / 1 有失败 / 2 环境不满足）==
[timing] ci_env=92s verify=299s total=391s rc=0
