[verify] deep 前置检查：ClickHouse http://127.0.0.1:8123/ping → Ok.

---- [verify] step=gates-offline ----
== stock gates ==
[G-OFFLINE] 离线模式：SKIP 依赖研究产物区/台账的门（G-INDEX / G-ANNOTATE / G-REVIEWS / G-REF sidecar；
[G-OFFLINE] G-LINT 无产物区时 SKIP），静态门照跑；SKIP 原因逐条打印 [G-OFFLINE]。
[G-COPY] 三方内容不互串 · 契约文档单副本
    ✓ platform/ 顶层无 factor 目录（tools/ 为数据生产线）
    ✓ platform/tools 存在（数据生产线工具集）
    ✓ research/ 顶层无平台 src|tests
    ✓ knowledge/contracts/interface.md 单副本
    ✓ knowledge/contracts/catalog.md 单副本
    ✓ knowledge/contracts/data-ops-playbook.md 单副本
    ✓ knowledge/contracts/teajoin-guide.md 单副本
[G-BOUNDARY] platform/ 不得 import research/
    ✓ 无 platform→research 依赖
[G-LEGACY] 旧路径/旧仓库名残留 = 0（冻结文档豁免）
    ✓ 活文件零残留（tracked+untracked；豁免：3 份历史文档 + data-map 归档行 + R17 删除记录行）
    ✓ 已迁路径活引用零残留（R06-M9+R07：docs/*、runs 旧路径、工具旧路径、emb、裸 results/；tracked+untracked）
[G-PATHS] pyproject / pytest 路径自洽
    ✓ platform pythonpath=src
    ✓ platform/src/factorlab 存在
    ✓ research 有 testpaths
    ✓ 根无 pyproject.toml
[G-IMPORTS] 全仓 factorlab.* 导入可解析（含负向自检）
    ✓ 自检通过（能抓到迁移遗漏）
    ✓ G-IMPORTS 通过（扫描 553 个文件）
[G-INDEX] 因子/策略/composite 索引与生成器一致 · spec↔档案成对
    [G-OFFLINE] SKIP G-INDEX（三索引 + 成对门） —— 需要研究产物区（spec/档案/索引）：/data/students/gaolei/quantresearch
[G-ANNOTATE] 因子档案 snapshot 标注齐备（R21 约定）
    [G-OFFLINE] SKIP G-ANNOTATE（档案 snapshot） —— 档案在产物区：/data/students/gaolei/quantresearch/dossiers
[G-REVIEWS] 评审台账口径（ID 唯一/状态词表/引用路径/统计实计）
    [G-OFFLINE] SKIP G-REVIEWS（评审台账） —— 台账引用 runs/ 产物，干净 checkout/离线不可解析
[G-LINT] 全库因子 spec lint（单进程批跑；挖矿在途 spec 一并计入）
    ✓ factor lint: 269 通过 / 0 失败
[G-VENV] 平台 editable 落位断言
    ✓ factorlab → platform/src ✓
    ✓ quant_core 独立包已删除（内核并入 factorlab）✓

[G-TOPO] 工具拓扑：依赖方向 / 横向耦合
  ✓ 0 处（core 不做反向依赖、生产不带诊断、工具不互相 import、lib 是叶子）
  ✓ 负向自检：四类违规各命中 1 处、合法路径零误报

  ⏸ 暂停豁免：platform/tools/lob_fact（tick 全线暂停，pending-items #23；恢复时移除本豁免并一次修完）
[G-CONTRACT/工具树分区字面量] ENFORCED：`year=` 只许经 core.factio.partitions
  ✓ 0 处（AST：非 docstring 字符串常量）
[G-MARK] ENFORCED：标记/断点名只经 lib.writekit 单点 API
  ✓ 0 处（注释/print 文案不算；writekit 自身豁免）
[G-CONTRACT/平台表名字面量] REPORT：71 处（未竟 → governance/workspace/pending-items.md #12①）
      platform/src/factorlab/adapters/catalog.py:169: 'adj_factor'
      platform/src/factorlab/adapters/catalog.py:213: 'daily_basic'
      platform/src/factorlab/adapters/intraday.py:62: 'bars_1m'
      platform/src/factorlab/adapters/intraday.py:63: 'tick_trades'
      platform/src/factorlab/adapters/intraday.py:64: 'tick_orders'
[G-MARK/接线] ENFORCED：用 `W.` 的模块必须导入 lib.writekit
  ✓ 0 处（漏 import 会在 main() 运行时才炸，门提前拦住）
[G-READ] ENFORCED：工具树直读 parquet 只允许登记点，且不指向事实库分区
  ✓ 0 处违规（登记 48 个理由明确的直读点；新增未登记即失败）
数据接口门：ENFORCED 全绿
  ✓ 负向自检：分区字面量 3 / 标记直构 3 / 直读 3 / 漏 import 1 处违规被抓到；docstring、writekit API、print 文案、登记过的 manifest 读均不误伤

[G-REF] 参考库基础指标审计
    [G-OFFLINE] SKIP G-REF（参考库 sidecar/指纹） —— 侧车与产物在产物区：/data/students/gaolei/quantresearch/results

结构门：全绿
数据接口门：ENFORCED 判定（AST）+ REPORT 未竟计数（见 governance/ops/check_dataiface.py）
[verify] step=gates-offline rc=0

---- [verify] step=ci-env ----
[ci_env] 复用现有 venv（钉版满足）：/data/students/gaolei/stock/platform/.venv
[ci_env] python=Python 3.13.13；factorlab=/data/students/gaolei/stock/platform/src/factorlab/__init__.py
[verify] step=ci-env rc=0

---- [verify] step=gates-full ----
bash governance/ops/gates.sh
== stock gates ==
[G-COPY] 三方内容不互串 · 契约文档单副本
    ✓ platform/ 顶层无 factor 目录（tools/ 为数据生产线）
    ✓ platform/tools 存在（数据生产线工具集）
    ✓ research/ 顶层无平台 src|tests
    ✓ knowledge/contracts/interface.md 单副本
    ✓ knowledge/contracts/catalog.md 单副本
    ✓ knowledge/contracts/data-ops-playbook.md 单副本
    ✓ knowledge/contracts/teajoin-guide.md 单副本
[G-BOUNDARY] platform/ 不得 import research/
    ✓ 无 platform→research 依赖
[G-LEGACY] 旧路径/旧仓库名残留 = 0（冻结文档豁免）
    ✓ 活文件零残留（tracked+untracked；豁免：3 份历史文档 + data-map 归档行 + R17 删除记录行）
    ✓ 已迁路径活引用零残留（R06-M9+R07：docs/*、runs 旧路径、工具旧路径、emb、裸 results/；tracked+untracked）
[G-PATHS] pyproject / pytest 路径自洽
    ✓ platform pythonpath=src
    ✓ platform/src/factorlab 存在
    ✓ research 有 testpaths
    ✓ 根无 pyproject.toml
[G-IMPORTS] 全仓 factorlab.* 导入可解析（含负向自检）
    ✓ 自检通过（能抓到迁移遗漏）
    ✓ G-IMPORTS 通过（扫描 553 个文件）
[G-INDEX] 因子索引与生成器一致
    ✓ 索引一致 ✓
[G-INDEX] 策略索引与生成器一致 · spec↔档案成对
    ✓ 策略索引一致 ✓
[G-INDEX] composite 索引与生成器一致 · spec↔档案成对
    ✓ 合成分索引一致 ✓
[G-ANNOTATE] 因子档案 snapshot 标注齐备（R21 约定）
    ✓ snapshot 标注齐备：231 份 ✓
[G-REVIEWS] 评审台账口径（ID 唯一/状态词表/引用路径/统计实计）
    ✓ 126 行 finding（fixed-claimed 0）：ID 唯一、状态合法、引用路径可解析、统计自洽；闭环：复查列 116/126、fixed-claimed 未复查 0（无）、报告/复查列-台账状态告警 10；实计 R01 13C/50I、R02 2C/9I、R03 0C/8I、R05 1C/3I、R06 0C/8I、R07 0C/8I、R08 0C/2I、R09 0C/2I、R31 1C/3I、R36 0C/1I、R37 0C/6I
    · 统计声明 5 条：核对通过 4、豁免 1（R01 首行统计为 2026-09-15 评审初始口径（EVID C1/C2、STRAT-C3 等后续登记未计入）；append-only 不改统计行；R04-Q7 实计 13C+50I）
    · 路径豁免：polars_ta（vendor）/ platform/results（已迁 runs/platform）/ projects/ashare_alpha3（已归档 _archive/）/ .venv（环境）/ /tmp（临时 probe）；历史不精确引用豁免命中 10 处（R06-M1 类）
    ✓ 负向自检通过（重复 ID/非法状态/死路径/空修复说明/统计不符）
[G-LINT] 全库因子 spec lint（单进程批跑；挖矿在途 spec 一并计入）
    ✓ factor lint: 269 通过 / 0 失败
[G-VENV] 平台 editable 落位断言
    ✓ factorlab → platform/src ✓
    ✓ quant_core 独立包已删除（内核并入 factorlab）✓

[G-TOPO] 工具拓扑：依赖方向 / 横向耦合
  ✓ 0 处（core 不做反向依赖、生产不带诊断、工具不互相 import、lib 是叶子）
  ✓ 负向自检：四类违规各命中 1 处、合法路径零误报

  ⏸ 暂停豁免：platform/tools/lob_fact（tick 全线暂停，pending-items #23；恢复时移除本豁免并一次修完）
[G-CONTRACT/工具树分区字面量] ENFORCED：`year=` 只许经 core.factio.partitions
  ✓ 0 处（AST：非 docstring 字符串常量）
[G-MARK] ENFORCED：标记/断点名只经 lib.writekit 单点 API
  ✓ 0 处（注释/print 文案不算；writekit 自身豁免）
[G-CONTRACT/平台表名字面量] REPORT：71 处（未竟 → governance/workspace/pending-items.md #12①）
      platform/src/factorlab/adapters/catalog.py:169: 'adj_factor'
      platform/src/factorlab/adapters/catalog.py:213: 'daily_basic'
      platform/src/factorlab/adapters/intraday.py:62: 'bars_1m'
      platform/src/factorlab/adapters/intraday.py:63: 'tick_trades'
      platform/src/factorlab/adapters/intraday.py:64: 'tick_orders'
[G-MARK/接线] ENFORCED：用 `W.` 的模块必须导入 lib.writekit
  ✓ 0 处（漏 import 会在 main() 运行时才炸，门提前拦住）
[G-READ] ENFORCED：工具树直读 parquet 只允许登记点，且不指向事实库分区
  ✓ 0 处违规（登记 48 个理由明确的直读点；新增未登记即失败）
数据接口门：ENFORCED 全绿
  ✓ 负向自检：分区字面量 3 / 标记直构 3 / 直读 3 / 漏 import 1 处违规被抓到；docstring、writekit API、print 文案、登记过的 manifest 读均不误伤

[G-REF] 参考库基础指标审计
  ! 门槛违规 6 员：intraday_abs_auction_premium(1d_ir,consistency), intraday_turnover_cv(1d_t,1d_ir,consistency), intraday_parkinson_ratio(consistency), intraday_volume_entropy(consistency), intraday_time_of_max_r(1d_t,1d_ir,consistency), intraday_time_range_conc(h20_sign)
[G-REF] 结构绿（enforcement=report）

结构门：全绿
数据接口门：ENFORCED 判定（AST）+ REPORT 未竟计数（见 governance/ops/check_dataiface.py）
[verify] step=gates-full rc=0

---- [verify] step=pytest-platform ----
................................................................................................................................................................................................ [  4%]
................................................................................................................................................................................................ [  9%]
................................................................................................................................................................................................ [ 14%]
................................................................................................................................................................................................ [ 19%]
.............................................sss................................................................................................................................................ [ 24%]
....................................................................................................sssssssssss................................................................................. [ 29%]
................................................................................................................................................................................................ [ 34%]
................................................................................................................................................................................................ [ 39%]
................................................................................................................................................................................................ [ 44%]
................................................................................................................................................................................................ [ 49%]
................................................................................................................................................................................................ [ 54%]
................................................................................................................................................................................................ [ 59%]
................................................................................................................................................................................................ [ 64%]
................................................................................................................................................................................................ [ 69%]
................................................................................................................................................................................................ [ 73%]
....ss..ss...................................................................................................................................................................................... [ 78%]
................................................................................................................................................................................................ [ 83%]
................................................................................................................................................................................................ [ 88%]
................................................................................................................................................................................................ [ 93%]
................................................................................................................................................................................................ [ 98%]
......................................................                                                                                                                                           [100%]
=========================================================================================== warnings summary ===========================================================================================
.venv/lib/python3.13/site-packages/fastapi/testclient.py:1
  /data/students/gaolei/stock/platform/.venv/lib/python3.13/site-packages/fastapi/testclient.py:1: StarletteDeprecationWarning: Using `httpx` with `starlette.testclient` is deprecated; install `httpx2` instead.
    from starlette.testclient import TestClient as TestClient  # noqa

tests/test_batch_flock.py: 26 warnings
  /home/gaolei/.local/share/uv/python/cpython-3.13.13-linux-x86_64-gnu/lib/python3.13/multiprocessing/popen_fork.py:67: DeprecationWarning: This process (pid=10534) is multi-threaded, use of fork() may lead to deadlocks in the child.
    self.pid = os.fork()

tests/test_cli.py: 1 warning
tests/test_correlation.py: 3 warnings
tests/test_reference_library.py: 2 warnings
tests/test_research_factor.py: 2 warnings
tests/test_web.py: 2 warnings
  /data/students/gaolei/stock/platform/src/factorlab/app/analysis/correlation.py:102: DeprecationWarning: the argument `columns` for `DataFrame.pivot` is deprecated. It was renamed to `on` in version 1.0.0.
    joined = long.pivot(index=["date", "code"], columns="factor",

-- Docs: https://docs.pytest.org/en/stable/how-to/capture-warnings.html
3876 passed, 18 skipped, 37 warnings in 970.33s (0:16:10)
[verify] step=pytest-platform rc=0

---- [verify] step=ch-integration ----
sssssssssss..............                                                                                                                                                                        [100%]
=========================================================================================== warnings summary ===========================================================================================
.venv/lib/python3.13/site-packages/fastapi/testclient.py:1
  /data/students/gaolei/stock/platform/.venv/lib/python3.13/site-packages/fastapi/testclient.py:1: StarletteDeprecationWarning: Using `httpx` with `starlette.testclient` is deprecated; install `httpx2` instead.
    from starlette.testclient import TestClient as TestClient  # noqa

-- Docs: https://docs.pytest.org/en/stable/how-to/capture-warnings.html
14 passed, 11 skipped, 3869 deselected, 1 warning in 303.72s (0:05:03)
[verify] step=ch-integration rc=0

---- [verify] step=pytest-platform-tools ----
................................................................................................................................................................................................ [ 20%]
................................................................................................................................................................................................ [ 41%]
................................................................................................................................................................................................ [ 62%]
................................................................................................................................................................................................ [ 83%]
........................................................................................................................................................                                         [100%]
920 passed, 1 deselected in 121.67s (0:02:01)
[verify] step=pytest-platform-tools rc=0

---- [verify] step=pytest-research-tools ----
....................................................................................................                                                                                             [100%]
100 passed, 3 deselected in 4.45s
[verify] step=pytest-research-tools rc=0

---- [verify] step=pytest-governance-ops ----
.................................................................................................................................                                                                [100%]
129 passed in 14.68s
[verify] step=pytest-governance-ops rc=0

---- [verify] step=product-lint ----
platform/.venv/bin/factorlab lint --all
factor lint: 269 通过 / 0 失败
[verify] step=product-lint rc=0

---- [verify] step=product-index-check ----
platform/.venv/bin/python research/tools/factor_lib/build_index.py --check
索引一致 ✓
platform/.venv/bin/python research/tools/factor_lib/build_strategy_index.py --check
策略索引一致 ✓
platform/.venv/bin/python research/tools/factor_lib/build_composite_index.py --check
合成分索引一致 ✓
[verify] step=product-index-check rc=0

---- [verify] step=product-index-regen-check ----
platform/.venv/bin/python research/tools/factor_lib/build_index.py
已生成 index/factors.md（432 行）
platform/.venv/bin/python research/tools/factor_lib/build_strategy_index.py
已生成 index/strategies.md（16 行）
platform/.venv/bin/python research/tools/factor_lib/build_composite_index.py
已生成 index/composites.md（24 行）
platform/.venv/bin/python research/tools/factor_lib/build_index.py --check
索引一致 ✓
platform/.venv/bin/python research/tools/factor_lib/build_strategy_index.py --check
策略索引一致 ✓
platform/.venv/bin/python research/tools/factor_lib/build_composite_index.py --check
合成分索引一致 ✓
[verify] step=product-index-regen-check rc=0

---- [verify] step=product-tidy ----
[ERROR] /data/students/gaolei/quantresearch/results/2026-09-autoencoder-42/manifest.json: results/2026-09-autoencoder-42/ 缺 manifest.json
[ERROR] /data/students/gaolei/quantresearch/results/bw.log: results/ 根下裸文件：bw.log（应归入 campaign 目录）
[ERROR] /data/students/gaolei/quantresearch/results/cond_m15_v1.json: results/ 根下裸文件：cond_m15_v1.json（应归入 campaign 目录）
[ERROR] /data/students/gaolei/quantresearch/results/cond_m16_v1.json: results/ 根下裸文件：cond_m16_v1.json（应归入 campaign 目录）
[ERROR] /data/students/gaolei/quantresearch/results/cond_m17a_v1.json: results/ 根下裸文件：cond_m17a_v1.json（应归入 campaign 目录）
[ERROR] /data/students/gaolei/quantresearch/results/cond_m17b_v1.json: results/ 根下裸文件：cond_m17b_v1.json（应归入 campaign 目录）
[ERROR] /data/students/gaolei/quantresearch/results/cond_m18_v1.json: results/ 根下裸文件：cond_m18_v1.json（应归入 campaign 目录）
[ERROR] /data/students/gaolei/quantresearch/results/cond_m19_v1.json: results/ 根下裸文件：cond_m19_v1.json（应归入 campaign 目录）
[ERROR] /data/students/gaolei/quantresearch/results/cond_m20_v1.json: results/ 根下裸文件：cond_m20_v1.json（应归入 campaign 目录）
[ERROR] /data/students/gaolei/quantresearch/results/cond_m21_v1.json: results/ 根下裸文件：cond_m21_v1.json（应归入 campaign 目录）
[ERROR] /data/students/gaolei/quantresearch/results/cond_m22_v1.json: results/ 根下裸文件：cond_m22_v1.json（应归入 campaign 目录）
[ERROR] /data/students/gaolei/quantresearch/results/cond_m23_v1.json: results/ 根下裸文件：cond_m23_v1.json（应归入 campaign 目录）
[ERROR] /data/students/gaolei/quantresearch/results/ic/manifest.json: results/ic/ 缺 manifest.json
[ERROR] /data/students/gaolei/quantresearch/results/platform/manifest.json: results/platform/ 缺 manifest.json
[ERROR] /data/students/gaolei/quantresearch/results/research/manifest.json: results/research/ 缺 manifest.json
[ERROR] /data/students/gaolei/quantresearch/scratch/_mkfeat.py: scratch 命名不合规：_mkfeat.py（应为 YYYYMMDD_<topic>.py）
[WARNING] /data/students/gaolei/quantresearch/composites/implementations/__pycache__: __pycache__ 存在（可再生缓存，建议删除）
[WARNING] /data/students/gaolei/quantresearch/lab/__pycache__: __pycache__ 存在（可再生缓存，建议删除）
[WARNING] /data/students/gaolei/quantresearch/lab/autoencoder42/__pycache__: __pycache__ 存在（可再生缓存，建议删除）
[WARNING] /data/students/gaolei/quantresearch/lab/autoencoder42/tests/__pycache__: __pycache__ 存在（可再生缓存，建议删除）
[WARNING] /data/students/gaolei/quantresearch/scratch/__pycache__: __pycache__ 存在（可再生缓存，建议删除）
root=/data/students/gaolei/quantresearch errors=16 warnings=5
[verify] WARN product-tidy 退出码 1（R37 预存产物区公约遗留，报告口径不阻塞；整改后升硬门）
[verify] step=product-tidy rc=0

---- [verify] step=product-annotate-snapshot ----
snapshot 标注齐备：231 份 ✓
[verify] step=product-annotate-snapshot rc=0

== [verify] 汇总（profile=deep root=/data/students/gaolei/stock）==
  gates-offline            rc=0
  ci-env                   rc=0
  gates-full               rc=0
  pytest-platform          rc=0
  ch-integration           rc=0
  pytest-platform-tools    rc=0
  pytest-research-tools    rc=0
  pytest-governance-ops    rc=0
  product-lint             rc=0
  product-index-check      rc=0
  product-index-regen-check rc=0
  product-tidy             rc=0
  product-annotate-snapshot rc=0
== [verify] 结论：rc=0（0 全过 / 1 有失败 / 2 环境不满足）==

real	24m25.840s
user	81m22.394s
sys	16m59.396s
