........................................................................ [  2%]
........................................................................ [  5%]
........................................................................ [  8%]
........................................................................ [ 11%]
........................................................................ [ 14%]
...............sssssssssssss............................................ [ 17%]
........................................................................ [ 20%]
........................................................................ [ 23%]
........................................................................ [ 26%]
........................................................................ [ 29%]
........................................................................ [ 32%]
........................................................................ [ 34%]
........................................................................ [ 37%]
........................................................................ [ 40%]
........................................................................ [ 43%]
........................................................................ [ 46%]
........................................................................ [ 49%]
........................................................................ [ 52%]
........................................................................ [ 55%]
........................................................................ [ 58%]
........................................................................ [ 61%]
........................................................................ [ 64%]
........................................................................ [ 66%]
........................................................................ [ 69%]
........................................................................ [ 72%]
........................................................................ [ 75%]
........................................................................ [ 78%]
........................................................................ [ 81%]
........................................................................ [ 84%]
........................................................................ [ 87%]
........................................................................ [ 90%]
........................................................................ [ 93%]
........................................................................ [ 96%]
........................................................................ [ 98%]
...........................                                              [100%]
=============================== warnings summary ===============================
.venv/lib/python3.13/site-packages/fastapi/testclient.py:1
  /data/students/gaolei/stock/projects/quant-platform-main/.venv/lib/python3.13/site-packages/fastapi/testclient.py:1: StarletteDeprecationWarning: Using `httpx` with `starlette.testclient` is deprecated; install `httpx2` instead.
    from starlette.testclient import TestClient as TestClient  # noqa

tests/test_architecture.py::test_core_has_no_io_or_outer_imports
  <unknown>:5: SyntaxWarning: invalid escape sequence '\d'

tests/test_backtest_ca_gate.py: 14 warnings
tests/test_backtest_marks_policy.py: 11 warnings
tests/test_backtest_persistence.py: 11 warnings
tests/test_backtest_runtime.py: 10 warnings
tests/test_canonical_artifact_handoff.py: 1 warning
tests/test_execution_calendar.py: 36 warnings
tests/test_execution_signal_chain.py: 15 warnings
tests/test_order_planner.py: 65 warnings
tests/test_portfolio_constructor.py: 26 warnings
tests/test_portfolio_domain.py: 7 warnings
tests/test_strategy_artifacts.py: 58 warnings
  /data/students/gaolei/stock/projects/quant-platform-main/src/factorlab/core/domain/portfolio.py:151: PolarsInefficientMapWarning: 
  Expr.map_elements is significantly slower than the native expressions API.
  Only use if you absolutely CANNOT implement your logic otherwise.
  Replace this expression...
    - pl.col("decision_date").map_elements(lambda d: ...)
  with this one instead:
    + pl.col("decision_date").is_in(known)
  
    ~pl.col("decision_date").map_elements(

tests/test_cli.py::test_svd_command_outputs_spectrum
tests/test_correlation.py::test_svd_identifies_orthogonal_structure
tests/test_correlation.py::test_svd_sampling_deterministic
tests/test_correlation.py::test_svd_sampling_deterministic
tests/test_web.py::test_factor_detail_has_correlation_block
tests/test_web.py::test_factor_detail_has_correlation_block
  /data/students/gaolei/stock/projects/quant-platform-main/src/factorlab/eval/correlation.py:50: DeprecationWarning: the argument `columns` for `DataFrame.pivot` is deprecated. It was renamed to `on` in version 1.0.0.
    joined = long.pivot(index=["date", "code"], columns="factor",

-- Docs: https://docs.pytest.org/en/stable/how-to/capture-warnings.html
2462 passed, 13 skipped, 262 warnings in 424.71s (0:07:04)
