heavy.sh: slot=1/2 avail=37.2GB  max_memory=8GB oom_score_adj=700 -> platform/.venv/bin/python governance/evidence/verification/R37/residual-55/minute_triangulation.py --rows governance/evidence/verification/R37/residual-55/scoped-55-rows.csv --out-prefix governance/evidence/verification/R37/residual-55/minute-triangulation-19
{
  "target_rows": 19,
  "with_bars_1m": 15,
  "without_bars_1m": [
    {
      "code": "000725.SZ",
      "trade_date": "2015-05-28"
    },
    {
      "code": "601988.SH",
      "trade_date": "2015-06-09"
    },
    {
      "code": "601288.SH",
      "trade_date": "2015-07-06"
    },
    {
      "code": "601988.SH",
      "trade_date": "2015-07-08"
    }
  ],
  "control_rows": 12,
  "control_stats": {
    "vol_ratio": {
      "count": 8.0,
      "mean": 1.0,
      "min": 0.99999997,
      "50%": 1.0,
      "max": 1.00000002
    },
    "amt_ratio": {
      "count": 8.0,
      "mean": 1.00010961,
      "min": 0.99993705,
      "50%": 0.99999999,
      "max": 1.00096827
    },
    "m_vwap_out_of_band": 0
  },
  "anomaly_with_bars_verdicts": [
    {
      "code": "600221.SH",
      "trade_date": "2024-11-08",
      "daily_volume": 44617929.0,
      "m_volume": 4461792900.0,
      "daily_amount": 10447899648.0,
      "m_amount": 10455670530.0,
      "vol_ratio": 100.0,
      "vol_ratio_v100": 1.0,
      "amt_ratio": 1.0007437745634824,
      "m_vwap": 2.343378718900198,
      "d_vwap": 234.16370688115086,
      "d_vwap_v100": 2.3416370688115085,
      "d_vwap_v100_in_band": true,
      "volume_is_lots_v100": true
    },
    {
      "code": "600157.SH",
      "trade_date": "2024-12-09",
      "daily_volume": 56161348.0,
      "m_volume": 5616134800.0,
      "daily_amount": 11199149056.0,
      "m_amount": 11203600671.0,
      "vol_ratio": 100.0,
      "vol_ratio_v100": 1.0,
      "amt_ratio": 1.0003974958255972,
      "m_vwap": 1.9948952562534645,
      "d_vwap": 199.4102608790658,
      "d_vwap_v100": 1.994102608790658,
      "d_vwap_v100_in_band": true,
      "volume_is_lots_v100": true
    },
    {
      "code": "600157.SH",
      "trade_date": "2024-12-10",
      "daily_volume": 43432514.0,
      "m_volume": 4343251400.0,
      "daily_amount": 8748469248.0,
      "m_amount": 8749048196.0,
      "vol_ratio": 100.0,
      "vol_ratio_v100": 1.0,
      "amt_ratio": 1.0000661770629338,
      "m_vwap": 2.0144005930672124,
      "d_vwap": 201.42672947736804,
      "d_vwap_v100": 2.0142672947736804,
      "d_vwap_v100_in_band": true,
      "volume_is_lots_v100": true
    },
    {
      "code": "600010.SH",
      "trade_date": "2025-10-14",
      "daily_volume": 51712529.0,
      "m_volume": 5171252900.0,
      "daily_amount": 15530844160.0,
      "m_amount": 15534942732.0,
      "vol_ratio": 100.0,
      "vol_ratio_v100": 1.0,
      "amt_ratio": 1.000263898855579,
      "m_vwap": 3.00409649893549,
      "d_vwap": 300.33039304652846,
      "d_vwap_v100": 3.003303930465284,
      "d_vwap_v100_in_band": true,
      "volume_is_lots_v100": true
    },
    {
      "code": "601868.SH",
      "trade_date": "2026-03-12",
      "daily_volume": 47846559.0,
      "m_volume": 4784655900.0,
      "daily_amount": 17458274304.0,
      "m_amount": 17458275130.0,
      "vol_ratio": 100.0,
      "vol_ratio_v100": 1.0,
      "amt_ratio": 1.0000000473128092,
      "m_vwap": 3.64880474058751,
      "d_vwap": 364.8804567952316,
      "d_vwap_v100": 3.648804567952316,
      "d_vwap_v100_in_band": true,
      "volume_is_lots_v100": true
    },
    {
      "code": "000725.SZ",
      "trade_date": "2026-05-22",
      "daily_volume": 60110592.0,
      "m_volume": 6011059208.0,
      "daily_amount": 29162864640.0,
      "m_amount": 29162866146.0,
      "vol_ratio": 100.00000013308802,
      "vol_ratio_v100": 1.0000000013308803,
      "amt_ratio": 1.0000000516410175,
      "m_vwap": 4.851535334602547,
      "d_vwap": 485.15350905211517,
      "d_vwap_v100": 4.851535090521152,
      "d_vwap_v100_in_band": true,
      "volume_is_lots_v100": true
    },
    {
      "code": "000725.SZ",
      "trade_date": "2026-05-25",
      "daily_volume": 43088757.0,
      "m_volume": 4308875800.0,
      "daily_amount": 22498861056.0,
      "m_amount": 22504472950.0,
      "vol_ratio": 100.00000232079101,
      "vol_ratio_v100": 1.00000002320791,
      "amt_ratio": 1.0002494301371982,
      "m_vwap": 5.222817735892968,
      "d_vwap": 522.1515453787632,
      "d_vwap_v100": 5.221515453787632,
      "d_vwap_v100_in_band": true,
      "volume_is_lots_v100": true
    },
    {
      "code": "000725.SZ",
      "trade_date": "2026-05-26",
      "daily_volume": 51377249.0,
      "m_volume": 5137725100.0,
      "daily_amount": 28645746688.0,
      "m_amount": 28647570059.0,
      "vol_ratio": 100.00000389277363,
      "vol_ratio_v100": 1.0000000389277364,
      "amt_ratio": 1.00006365241653,
      "m_vwap": 5.5759250449192,
      "d_vwap": 557.5570363450172,
      "d_vwap_v100": 5.575570363450172,
      "d_vwap_v100_in_band": true,
      "volume_is_lots_v100": true
    },
    {
      "code": "000725.SZ",
      "trade_date": "2026-05-27",
      "daily_volume": 50185216.0,
      "m_volume": 5018521600.0,
      "daily_amount": 29012705280.0,
      "m_amount": 29017203385.0,
      "vol_ratio": 100.0,
      "vol_ratio_v100": 1.0,
      "amt_ratio": 1.0001550391442848,
      "m_vwap": 5.782022216463111,
      "d_vwap": 578.1125915648146,
      "d_vwap_v100": 5.781125915648146,
      "d_vwap_v100_in_band": true,
      "volume_is_lots_v100": true
    },
    {
      "code": "000725.SZ",
      "trade_date": "2026-06-05",
      "daily_volume": 55041157.0,
      "m_volume": 5504115500.0,
      "daily_amount": 35684790272.0,
      "m_amount": 35684789777.0,
      "vol_ratio": 99.99999636635545,
      "vol_ratio_v100": 0.9999999636635545,
      "amt_ratio": 0.9999999861285439,
      "m_vwap": 6.483292324988456,
      "d_vwap": 648.3292179341361,
      "d_vwap_v100": 6.483292179341361,
      "d_vwap_v100_in_band": true,
      "volume_is_lots_v100": true
    },
    {
      "code": "000725.SZ",
      "trade_date": "2026-06-08",
      "daily_volume": 45998760.0,
      "m_volume": 4599875904.0,
      "daily_amount": 29701642240.0,
      "m_amount": 29701641657.0,
      "vol_ratio": 99.99999791298723,
      "vol_ratio_v100": 0.9999999791298722,
      "amt_ratio": 0.9999999803714558,
      "m_vwap": 6.457052815527434,
      "d_vwap": 645.7052807510463,
      "d_vwap_v100": 6.457052807510463,
      "d_vwap_v100_in_band": true,
      "volume_is_lots_v100": true
    },
    {
      "code": "000725.SZ",
      "trade_date": "2026-06-26",
      "daily_volume": 45251768.0,
      "m_volume": 4525176900.0,
      "daily_amount": 35676680192.0,
      "m_amount": 35676682287.0,
      "vol_ratio": 100.00000220985841,
      "vol_ratio_v100": 1.000000022098584,
      "amt_ratio": 1.0000000587218314,
      "m_vwap": 7.884041458578117,
      "d_vwap": 788.4041169838933,
      "d_vwap_v100": 7.884041169838933,
      "d_vwap_v100_in_band": true,
      "volume_is_lots_v100": true
    },
    {
      "code": "000725.SZ",
      "trade_date": "2026-06-30",
      "daily_volume": 51878999.0,
      "m_volume": 5187899680.0,
      "daily_amount": 44556779520.0,
      "m_amount": 44556778023.0,
      "vol_ratio": 99.99999575936305,
      "vol_ratio_v100": 0.9999999575936305,
      "amt_ratio": 0.9999999664024192,
      "m_vwap": 8.588596690636084,
      "d_vwap": 858.8596614980949,
      "d_vwap_v100": 8.588596614980949,
      "d_vwap_v100_in_band": true,
      "volume_is_lots_v100": true
    },
    {
      "code": "000725.SZ",
      "trade_date": "2026-07-01",
      "daily_volume": 46253148.0,
      "m_volume": 4625315000.0,
      "daily_amount": 39601266688.0,
      "m_amount": 39601267517.0,
      "vol_ratio": 100.00000432403002,
      "vol_ratio_v100": 1.0000000432403,
      "amt_ratio": 1.000000020933674,
      "m_vwap": 8.56185308827615,
      "d_vwap": 856.1853279262203,
      "d_vwap_v100": 8.561853279262204,
      "d_vwap_v100_in_band": true,
      "volume_is_lots_v100": true
    },
    {
      "code": "000725.SZ",
      "trade_date": "2026-07-02",
      "daily_volume": 56618588.0,
      "m_volume": 5661858900.0,
      "daily_amount": 49342410752.0,
      "m_amount": 49342409857.0,
      "vol_ratio": 100.00000176620442,
      "vol_ratio_v100": 1.000000017662044,
      "amt_ratio": 0.9999999818614457,
      "m_vwap": 8.714878051270405,
      "d_vwap": 871.4878363268261,
      "d_vwap_v100": 8.71487836326826,
      "d_vwap_v100_in_band": true,
      "volume_is_lots_v100": true
    }
  ],
  "csv": "governance/evidence/verification/R37/residual-55/minute-triangulation-19.csv",
  "control_csv": "governance/evidence/verification/R37/residual-55/minute-triangulation-19-control.csv"
}