  [stoken refreshed 02:17:30]
[daily] to_fetch=4 downloaded=3 adopted=371 unchanged=371 manual=1 failed=0
  got    2026-09-01至2026-09-16A股日k线.zip
  got    2026-09-01至2026-09-15A股日k线.zip
  got    数据使用说明.txt
  adopt  退市股/920680_广道数字.xlsx
  adopt  退市股/900956_东贝B股.xlsx
  adopt  退市股/900957_凌云B股.xlsx
  adopt  退市股/900955_海创B股.xlsx
  adopt  退市股/920305_云创数据.xlsx
  adopt  退市股/900951_大化B股.xlsx
  adopt  退市股/900952_锦港B股.xlsx
  adopt  退市股/900953_凯马B.xlsx
  adopt  退市股/900949_东电B股.xlsx
  adopt  退市股/900933_华新B股.xlsx
  adopt  退市股/900935_阳晨B股.xlsx
  adopt  退市股/900931_PT水仙B.xlsx
  adopt  退市股/900950_新城B股.xlsx
  adopt  退市股/900930_ST沪普B.xlsx
  adopt  退市股/900919_绿庭B股.xlsx
  adopt  退市股/688555_泽达易盛.xlsx
  adopt  退市股/900907_鹏起B股.xlsx
  adopt  退市股/688287_观典防务.xlsx
  adopt  退市股/603388_元成股份.xlsx
  adopt  退市股/603996_中新科技.xlsx
  adopt  退市股/605081_太和水.xlsx
  adopt  退市股/688086_紫晶存储.xlsx
  adopt  退市股/603603_博天环境.xlsx
  adopt  退市股/603963_大理药业.xlsx
  adopt  退市股/603555_贵人鸟.xlsx
  adopt  退市股/603133_碳元科技.xlsx
  adopt  退市股/603056_德邦股份.xlsx
  adopt  退市股/603157_拉夏贝尔.xlsx
  adopt  退市股/601989_中国重工.xlsx
  adopt  退市股/603003_龙宇股份.xlsx
  adopt  退市股/601558_华锐风电.xlsx
  adopt  退市股/600978_宜华生活.xlsx
  adopt  退市股/601299_中国北车.xlsx
  adopt  退市股/601268_二重重装.xlsx
  adopt  退市股/601258_庞大集团.xlsx
  adopt  退市股/600899_信联股份.xlsx
  adopt  退市股/600991_广汽长丰.xlsx
  adopt  退市股/601028_玉龙股份.xlsx
  adopt  退市股/600891_秋林集团.xlsx
  adopt  退市股/600896_览海医疗.xlsx
  adopt  退市股/600898_国美通讯.xlsx
  adopt  退市股/600878_北大科技.xlsx
  adopt  退市股/600856_中天能源.xlsx
  adopt  退市股/600890_中房股份.xlsx
  adopt  退市股/600870_厦华电子.xlsx
  adopt  退市股/600840_新湖创业.xlsx
  adopt  退市股/600842_中西药业.xlsx
  adopt  退市股/600852_中川国际.xlsx
  adopt  退市股/600823_世茂股份.xlsx
  adopt  退市股/600837_海通证券.xlsx
  adopt  退市股/600836_上海易连.xlsx
  adopt  退市股/600832_东方明珠.xlsx
  adopt  退市股/600811_东方集团.xlsx
  adopt  退市股/600799_科利华.xlsx
  adopt  退市股/600813_鞍山一工.xlsx
  adopt  退市股/600788_达尔曼.xlsx
  adopt  退市股/600804_鹏博士.xlsx
  adopt  退市股/600806_昆明机床.xlsx
  adopt  退市股/600786_东方锅炉.xlsx
  adopt  退市股/600781_辅仁药业.xlsx
  adopt  退市股/600766_园城黄金.xlsx
  adopt  退市股/600767_运盛医疗.xlsx
  adopt  退市股/600772_石油龙昌.xlsx
  adopt  退市股/600709_生态农业.xlsx
  adopt  退市股/600762_金荔科技.xlsx
  adopt  退市股/600752_哈慈股份.xlsx
  adopt  退市股/600747_大连控股.xlsx
  adopt  退市股/600723_首商股份.xlsx
  adopt  退市股/600701_工大高新.xlsx
  adopt  退市股/600705_中航产融.xlsx
  adopt  退市股/600680_上海普天.xlsx
  adopt  退市股/600687_刚泰控股.xlsx
  adopt  退市股/600696_岩石股份.xlsx
  adopt  退市股/600700_数码测绘.xlsx
  adopt  退市股/600695_绿庭投资.xlsx
  adopt  退市股/600672_英豪科教.xlsx
  adopt  退市股/600677_航天通信.xlsx
  adopt  退市股/600670_东北华联.xlsx
  adopt  退市股/600659_闽越花雕.xlsx
  adopt  退市股/600636_国新文化.xlsx
  adopt  退市股/600669_鞍山合成.xlsx
  adopt  退市股/600646_国嘉实业.xlsx
  adopt  退市股/600647_同达创业.xlsx
  adopt  退市股/600656_博元投资.xlsx
  adopt  退市股/600652_游久游戏.xlsx
  adopt  退市股/600634_富控互动.xlsx
  adopt  退市股/600632_华联商厦.xlsx
  adopt  退市股/600631_百联股份.xlsx
  adopt  退市股/600627_上电股份.xlsx
  adopt  退市股/600625_水仙电器.xlsx
  adopt  退市股/600599_熊猫金控.xlsx
  adopt  退市股/600607_上实医药.xlsx
  adopt  退市股/600608_上海科技.xlsx
  adopt  退市股/600591_上海航空.xlsx
  adopt  退市股/600614_鹏起科技.xlsx
  adopt  退市股/600555_海航创新.xlsx
  adopt  退市股/600565_迪马股份.xlsx
  adopt  退市股/600532_未来股份.xlsx
  adopt  退市股/600485_信威集团.xlsx
  adopt  退市股/600553_太行水泥.xlsx
  adopt  退市股/600393_粤泰股份.xlsx
  adopt  退市股/600466_蓝光发展.xlsx
  adopt  退市股/600472_包头铝业.xlsx
  adopt  退市股/600432_吉恩镍业.xlsx
  adopt  退市股/600421_华嵘控股.xlsx
  adopt  退市股/600401_海润光伏.xlsx
  adopt  退市股/600462_九有股份.xlsx
  adopt  退市股/600387_海越能源.xlsx
  adopt  退市股/600385_山东金泰.xlsx
  adopt  退市股/600357_承德钒钛.xlsx
  adopt  退市股/600321_正源股份.xlsx
  adopt  退市股/600355_精伦电子.xlsx
  adopt  退市股/600317_营口港.xlsx
  adopt  退市股/600290_华仪电气.xlsx
  adopt  退市股/600311_荣华实业.xlsx
  adopt  退市股/600306_商业城.xlsx
  adopt  退市股/600297_广汇汽车.xlsx
  adopt  退市股/600296_兰州铝业.xlsx
  adopt  退市股/600286_国光瓷业.xlsx
  adopt  退市股/600291_西水股份.xlsx
  adopt  退市股/600275_武昌鱼.xlsx
  adopt  退市股/600277_亿利洁能.xlsx
  adopt  退市股/600253_天方药业.xlsx
  adopt  退市股/600270_外运发展.xlsx
  adopt  退市股/600260_凯乐科技.xlsx
  adopt  退市股/600263_路桥建设.xlsx
  adopt  退市股/600247_成城股份.xlsx
  adopt  退市股/600242_中昌数据.xlsx
  adopt  退市股/600225_卓朗科技.xlsx
  adopt  退市股/600240_华业资本.xlsx
  adopt  退市股/600220_江苏阳光.xlsx
  adopt  退市股/600213_亚星客车.xlsx
  adopt  退市股/600209_罗顿发展.xlsx
  adopt  退市股/600200_江苏吴中.xlsx
  adopt  退市股/600190_锦州港.xlsx
  adopt  退市股/600146_商赢环球.xlsx
  adopt  退市股/600193_创兴资源.xlsx
  adopt  退市股/600205_山东铝业.xlsx
  adopt  退市股/600181_云大科技.xlsx
  adopt  退市股/600175_美都能源.xlsx
  adopt  退市股/600112_天成控股.xlsx
  adopt  退市股/600145_国创能源.xlsx
  adopt  退市股/600139_西部资源.xlsx
  adopt  退市股/600122_宏图高科.xlsx
  adopt  退市股/600092_精密股份.xlsx
  adopt  退市股/600102_莱钢股份.xlsx
  adopt  退市股/600093_易见股份.xlsx
  adopt  退市股/600091_明天科技.xlsx
  adopt  退市股/600086_东方金钰.xlsx
  adopt  退市股/600090_同济堂.xlsx
  adopt  退市股/600087_长航油运.xlsx
  adopt  退市股/600077_宋都股份.xlsx
  adopt  退市股/600083_博信股份.xlsx
  adopt  退市股/600069_银鸽投资.xlsx
  adopt  退市股/600070_浙江富润.xlsx
  adopt  退市股/600074_保千里.xlsx
  adopt  退市股/600068_葛洲坝.xlsx
  adopt  退市股/600065_大庆联谊.xlsx
  adopt  退市股/600002_齐鲁石化.xlsx
  adopt  退市股/600005_武钢股份.xlsx
  adopt  退市股/600003_东北高速.xlsx
  adopt  退市股/600001_邯郸钢铁.xlsx
  adopt  退市股/300799_左江科技.xlsx
  adopt  退市股/300742_越博动力.xlsx
  adopt  退市股/300431_暴风集团.xlsx
  adopt  退市股/300526_中潜股份.xlsx
  adopt  退市股/300630_普利制药.xlsx
  adopt  退市股/300391_长药控股.xlsx
  adopt  退市股/300495_美尚生态.xlsx
  adopt  退市股/300362_天翔环境.xlsx
  adopt  退市股/300392_腾信股份.xlsx
  adopt  退市股/300379_东方通.xlsx
  adopt  退市股/300372_欣泰电气.xlsx
  adopt  退市股/300367_东方网力.xlsx
  adopt  退市股/300356_光一科技.xlsx
  adopt  退市股/300344_立方数科.xlsx
  adopt  退市股/300325_德威新材.xlsx
  adopt  退市股/300336_新文化.xlsx
  adopt  退市股/300309_吉艾科技.xlsx
  adopt  退市股/300312_邦讯技术.xlsx
  adopt  退市股/300297_蓝盾股份.xlsx
  adopt  退市股/300330_华虹计通.xlsx
  adopt  退市股/300273_和佳医疗.xlsx
  adopt  退市股/300280_紫天科技.xlsx
  adopt  退市股/300282_三盛教育.xlsx
  adopt  退市股/300156_神雾环保.xlsx
  adopt  退市股/300262_巴安水务.xlsx
  adopt  退市股/300202_聚龙股份.xlsx
  adopt  退市股/300216_千山药机.xlsx
  adopt  退市股/300208_青岛中程.xlsx
  adopt  退市股/300178_腾邦国际.xlsx
  adopt  退市股/300186_大华农.xlsx
  adopt  退市股/300114_中航电测.xlsx
  adopt  退市股/300116_保力新.xlsx
  adopt  退市股/300117_嘉寓股份.xlsx
  adopt  退市股/300108_吉药控股.xlsx
  adopt  退市股/300104_乐视网.xlsx
  adopt  退市股/300028_金亚科技.xlsx
  adopt  退市股/300090_盛运环保.xlsx
  adopt  退市股/300029_天龙光电.xlsx
  adopt  退市股/300089_文化长城.xlsx
  adopt  退市股/200771_杭汽轮B.xlsx
  adopt  退市股/300064_豫金刚石.xlsx
  adopt  退市股/300038_数知科技.xlsx
  adopt  退市股/300023_宝德股份.xlsx
  adopt  退市股/200770_武锅B.xlsx
  adopt  退市股/200986_粤华包B.xlsx
  adopt  退市股/200613_大东海B.xlsx
  adopt  退市股/200160_东沣B.xlsx
  adopt  退市股/200168_ST舜喆B.xlsx
  adopt  退市股/200418_小天鹅B.xlsx
  adopt  退市股/200513_丽珠B.xlsx
  adopt  退市股/200413_ST东旭B.xlsx
  adopt  退市股/200057_ST大洋B.xlsx
  adopt  退市股/200152_山航B.xlsx
  adopt  退市股/200054_建车B.xlsx
  adopt  退市股/200024_招商局B.xlsx
  adopt  退市股/200039_中集B.xlsx
  adopt  退市股/200053_深基地B.xlsx
  adopt  退市股/200041_ST本实B.xlsx
  adopt  退市股/200015_PT中浩B.xlsx
  adopt  退市股/200018_神州B.xlsx
  adopt  退市股/200013_ST石化B.xlsx
  adopt  退市股/200003_PT金田B.xlsx
  adopt  退市股/200002_万科B.xlsx
  adopt  退市股/002898_赛隆药业.xlsx
  adopt  退市股/002808_恒久科技.xlsx
  adopt  退市股/002776_柏堡龙.xlsx
  adopt  退市股/002770_科迪乳业.xlsx
  adopt  退市股/002740_爱迪尔.xlsx
  adopt  退市股/002781_奇信股份.xlsx
  adopt  退市股/002711_欧浦智网.xlsx
  adopt  退市股/002751_易尚展示.xlsx
  adopt  退市股/002750_龙津药业.xlsx
  adopt  退市股/002699_美盛文化.xlsx
  adopt  退市股/002684_猛狮科技.xlsx
  adopt  退市股/002680_长生生物.xlsx
  adopt  退市股/002619_艾格拉斯.xlsx
  adopt  退市股/002621_美吉姆.xlsx
  adopt  退市股/002665_首航高科.xlsx
  adopt  退市股/002618_丹邦科技.xlsx
  adopt  退市股/002505_鹏都农牧.xlsx
  adopt  退市股/002610_爱康科技.xlsx
  adopt  退市股/002504_弘高创意.xlsx
  adopt  退市股/002604_龙力生物.xlsx
  adopt  退市股/002509_天广中茂.xlsx
  adopt  退市股/002503_搜于特.xlsx
  adopt  退市股/002502_鼎龙文化.xlsx
  adopt  退市股/002435_长江健康.xlsx
  adopt  退市股/002499_科林环保.xlsx
  adopt  退市股/002464_众应互联.xlsx
  adopt  退市股/002473_圣莱达.xlsx
  adopt  退市股/002477_雏鹰农牧.xlsx
  adopt  退市股/002450_康得新.xlsx
  adopt  退市股/002447_晨鑫科技.xlsx
  adopt  退市股/002417_深南股份.xlsx
  adopt  退市股/002433_太安堂.xlsx
  adopt  退市股/002359_北讯集团.xlsx
  adopt  退市股/002411_延安必康.xlsx
  adopt  退市股/002308_威创股份.xlsx
  adopt  退市股/002341_新纶新材.xlsx
  adopt  退市股/002325_洪涛股份.xlsx
  adopt  退市股/002336_人人乐.xlsx
  adopt  退市股/002231_奥维通信.xlsx
  adopt  退市股/002288_超华科技.xlsx
  adopt  退市股/002280_联络互动.xlsx
  adopt  退市股/002260_德奥通航.xlsx
  adopt  退市股/002220_天宝食品.xlsx
  adopt  退市股/002147_新光圆成.xlsx
  adopt  退市股/002113_天润数娱.xlsx
  adopt  退市股/002118_紫鑫药业.xlsx
  adopt  退市股/002143_印纪传媒.xlsx
  adopt  退市股/002089_新海宜.xlsx
  adopt  退市股/002087_新野纺织.xlsx
  adopt  退市股/000996_中国中期.xlsx
  adopt  退市股/002018_华信国际.xlsx
  adopt  退市股/002070_众和股份.xlsx
  adopt  退市股/002071_长城影视.xlsx
  adopt  退市股/000979_中弘股份.xlsx
  adopt  退市股/000982_中银绒业.xlsx
  adopt  退市股/002002_鸿达兴业.xlsx
  adopt  退市股/002013_中航机电.xlsx
  adopt  退市股/000961_中南建设.xlsx
  adopt  退市股/000971_高升控股.xlsx
  adopt  退市股/000976_华铁股份.xlsx
  adopt  退市股/000939_凯迪生态.xlsx
  adopt  退市股/000956_中原油气.xlsx
  adopt  退市股/000861_海印股份.xlsx
  adopt  退市股/000832_龙涤股份.xlsx
  adopt  退市股/000918_嘉凯城.xlsx
  adopt  退市股/000916_华北高速.xlsx
  adopt  退市股/000866_扬子石化.xlsx
  adopt  退市股/000836_富通信息.xlsx
  adopt  退市股/000851_高鸿股份.xlsx
  adopt  退市股/000835_长城动漫.xlsx
  adopt  退市股/000827_长兴实业.xlsx
  adopt  退市股/000806_银河生物.xlsx
  adopt  退市股/000787_创智科技.xlsx
  adopt  退市股/000780_平庄能源.xlsx
  adopt  退市股/000817_辽河油田.xlsx
  adopt  退市股/000805_炎黄物流.xlsx
  adopt  退市股/000765_华信股份.xlsx
  adopt  退市股/000732_泰禾集团.xlsx
  adopt  退市股/000763_锦州石化.xlsx
  adopt  退市股/000748_长城信息.xlsx
  adopt  退市股/000699_佳纸股份.xlsx
  adopt  退市股/000730_环保股份.xlsx
  adopt  退市股/000760_斯太尔.xlsx
  adopt  退市股/000689_宏业集团.xlsx
  adopt  退市股/000693_华泽钴镍.xlsx
  adopt  退市股/000769_菲菲农业.xlsx
  adopt  退市股/000673_当代东方.xlsx
  adopt  退市股/000687_华讯方舟.xlsx
  adopt  退市股/000671_阳光城.xlsx
  adopt  退市股/000675_银山化工.xlsx
  adopt  退市股/000667_美好置业.xlsx
  adopt  退市股/000658_海洋集团.xlsx
  adopt  退市股/000666_经纬纺机.xlsx
  adopt  退市股/000662_天夏智慧.xlsx
  adopt  退市股/000660_南华西.xlsx
  adopt  退市股/000606_顺利办.xlsx
  adopt  退市股/000588_粤金曼A.xlsx
  adopt  退市股/000602_金马集团.xlsx
  adopt  退市股/000627_天茂集团.xlsx
  adopt  退市股/000621_比特科技.xlsx
  adopt  退市股/000587_金洲慈航.xlsx
  adopt  退市股/000418_小天鹅A.xlsx
  adopt  退市股/000502_绿景控股.xlsx
  adopt  退市股/000508_琼民源A.xlsx
  adopt  退市股/000578_盐湖集团.xlsx
  adopt  退市股/000583_托普软件.xlsx
  adopt  退市股/000412_北方五环.xlsx
  adopt  退市股/000416_民生控股.xlsx
  adopt  退市股/000405_有色鑫光.xlsx
  adopt  退市股/000013_深石化A.xlsx
  adopt  退市股/000038_深大通.xlsx
  adopt  退市股/000653_九州股份.xlsx
  adopt  退市股/000616_海航投资.xlsx
  adopt  退市股/000638_万方发展.xlsx
  adopt  退市股/000618_吉林化工.xlsx
  adopt  退市股/000622_恒立实业.xlsx
  adopt  退市股/000613_大东海A.xlsx
  adopt  退市股/000594_国恒铁路.xlsx
  adopt  退市股/000611_天首发展.xlsx
  adopt  退市股/000584_哈工智能.xlsx
  adopt  退市股/000569_长城股份.xlsx
  adopt  退市股/000562_宏源证券.xlsx
  adopt  退市股/000585_东北电气.xlsx
  adopt  退市股/000556_南洋航运.xlsx
  adopt  退市股/000549_湘火炬A.xlsx
  adopt  退市股/000542_TCL通讯.xlsx
  adopt  退市股/000527_美的电器.xlsx
  adopt  退市股/000540_中天金融.xlsx
  adopt  退市股/000535_猴王A.xlsx
  adopt  退市股/000413_东旭光电.xlsx
  adopt  退市股/000522_白云山A.xlsx
  adopt  退市股/000511_烯碳新材.xlsx
  adopt  退市股/000515_攀渝钛业.xlsx
  adopt  退市股/000406_石油大明.xlsx
  adopt  退市股/000047_深中侨A.xlsx
  adopt  退市股/000150_宜华健康.xlsx
  adopt  退市股/000005_世纪星源.xlsx
  adopt  退市股/000018_神州长城.xlsx
  adopt  退市股/000040_东旭蓝天.xlsx
  adopt  退市股/000023_深天地A.xlsx
  adopt  退市股/000024_招商地产.xlsx
  adopt  退市股/000033_新都酒店.xlsx
  adopt  退市股/000046_泛海控股.xlsx
  adopt  退市股/000004_国华网安.xlsx
  adopt  退市股/000015_深中浩A.xlsx
  adopt  退市股/000003_深金田A.xlsx
[fund_flow] to_fetch=44 downloaded=44 adopted=0 unchanged=0 manual=0 failed=0
  got    2026/09/20260916.zip
  got    2026/09/20260915.zip
  got    2026/09/20260914.zip
  got    2026/09/20260911.zip
  got    2026/09/20260910.zip
  got    2026/09/20260909.zip
  got    2026/09/20260908.zip
  got    2026/09/20260907.zip
  got    2026/09/20260904.zip
  got    2026/09/20260903.zip
  got    2026/09/20260902.zip
  got    2026/09/20260901.zip
  got    2026/08/20260831.zip
  got    2026/08/20260828.zip
  got    2026/08/20260827.zip
  got    2026/08/20260826.zip
  got    2026/08/20260825.zip
  got    2026/08/20260824.zip
  got    2026/08/20260821.zip
  got    2026/08/20260820.zip
  got    2026/08/20260819.zip
  got    2026/08/20260818.zip
  got    2026/08/20260817.zip
  got    2026/08/20260814.zip
  got    2026/08/20260813.zip
  got    2026/08/20260812.zip
  got    2026/08/20260811.zip
  got    2026/08/20260810.zip
  got    2026/08/20260807.zip
  got    2026/08/20260806.zip
  got    2026/08/20260805.zip
  got    2026/08/20260804.zip
  got    2026/08/20260803.zip
  got    2026/07.zip
  got    2026/06.zip
  got    2026/01.zip
  got    2026/02.zip
  got    2026/03.zip
  got    2026/05.zip
  got    2026/04.zip
  got    2025/2025.zip
  got    通知-共享以后改-夸克直链链接-请保存.txt
  got    day_read.py
  got    资金使用说明.7z
[financials] to_fetch=4 downloaded=1 adopted=0 unchanged=0 manual=3 failed=0
  got    2026-09-04更新简化个股基本面数据.xlsx
manual_required（4 项；超分享直链上限或需人工放置，放入对应 data/raw/<类别> 后重跑）：
  [daily] 19910101至20260831A股日k线.zip（size limit）→ /data/students/gaolei/stock/data/raw/daily
  [financials] 个股财务数据_2026-09-04_更新.zip（size limit）→ /data/students/gaolei/stock/data/raw/financial
  [financials] 财务季报年报_2026-09-04_更新.zip（size limit）→ /data/students/gaolei/stock/data/raw/financial
  [financials] 2026-09-04_financial.parquet（size limit）→ /data/students/gaolei/stock/data/raw/financial
总结：downloaded=48 adopted=371 manual=4 failed=0
