........................................................................ [  2%]
........................................................................ [  4%]
........................................................................ [  6%]
........................................................................ [  8%]
........................................................................ [ 11%]
........................................................................ [ 13%]
........................................................................ [ 15%]
........................................................................ [ 17%]
........................................................................ [ 19%]
........................................................................ [ 22%]
........................................................................ [ 24%]
.................................................................sssssss [ 26%]
ssssss.................................................................. [ 28%]
........................................................................ [ 30%]
........................................................................ [ 33%]
........................................................................ [ 35%]
........................................................................ [ 37%]
........................................................................ [ 39%]
........................................................................ [ 41%]
........................................................................ [ 44%]
........................................................................ [ 46%]
........................................................................ [ 48%]
........................................................................ [ 50%]
........................................................................ [ 52%]
........................................................................ [ 55%]
........................................................................ [ 57%]
........................................................................ [ 59%]
........................................................................ [ 61%]
........................................................................ [ 63%]
........................................................................ [ 66%]
........................................................................ [ 68%]
........................................................................ [ 70%]
........................................................................ [ 72%]
........................................................................ [ 74%]
........................................................................ [ 77%]
........................................................................ [ 79%]
........................................................................ [ 81%]
........................................................................ [ 83%]
........................................................................ [ 85%]
........................................................................ [ 88%]
........................................................................ [ 90%]
........................................................................ [ 92%]
........................................................................ [ 94%]
........................................................................ [ 96%]
........................................................................ [ 99%]
..............................                                           [100%]
=============================== warnings summary ===============================
.venv/lib/python3.13/site-packages/fastapi/testclient.py:1
  /data/students/gaolei/stock/platform/.venv/lib/python3.13/site-packages/fastapi/testclient.py:1: StarletteDeprecationWarning: Using `httpx` with `starlette.testclient` is deprecated; install `httpx2` instead.
    from starlette.testclient import TestClient as TestClient  # noqa

tests/test_batch_flock.py: 26 warnings
  /home/gaolei/.local/share/uv/python/cpython-3.13.13-linux-x86_64-gnu/lib/python3.13/multiprocessing/popen_fork.py:67: DeprecationWarning: This process (pid=28000) is multi-threaded, use of fork() may lead to deadlocks in the child.
    self.pid = os.fork()

tests/test_cli.py::test_svd_command_outputs_spectrum
tests/test_correlation.py::test_svd_identifies_orthogonal_structure
tests/test_correlation.py::test_svd_sampling_deterministic
tests/test_correlation.py::test_svd_sampling_deterministic
tests/test_web.py::test_factor_detail_has_correlation_block
tests/test_web.py::test_factor_detail_has_correlation_block
  /data/students/gaolei/stock/platform/src/factorlab/app/analysis/correlation.py:100: DeprecationWarning: the argument `columns` for `DataFrame.pivot` is deprecated. It was renamed to `on` in version 1.0.0.
    joined = long.pivot(index=["date", "code"], columns="factor",

-- Docs: https://docs.pytest.org/en/stable/how-to/capture-warnings.html
3257 passed, 13 skipped, 33 warnings in 811.94s (0:13:31)
