........................................................................ [  2%]
........................................................................ [  5%]
........................................................................ [  8%]
........................................................................ [ 11%]
........................................................................ [ 14%]
...........sssssssssssss................................................ [ 17%]
........................................................................ [ 20%]
........................................................................ [ 23%]
........................................................................ [ 26%]
........................................................................ [ 29%]
........................................................................ [ 32%]
...............................................F........................ [ 35%]
........................................................................ [ 38%]
........................................................................ [ 41%]
........................................................................ [ 44%]
........................................................................ [ 47%]
........................................................................ [ 50%]
........................................................................ [ 52%]
........................................................................ [ 55%]
........................................................................ [ 58%]
........................................................................ [ 61%]
........................................................................ [ 64%]
........................................................................ [ 67%]
........................................................................ [ 70%]
........................................................................ [ 73%]
........................................................................ [ 76%]
........................................................................ [ 79%]
........................................................................ [ 82%]
........................................................................ [ 85%]
........................................................................ [ 88%]
........................................................................ [ 91%]
........................................................................ [ 94%]
........................................................................ [ 97%]
........................................................................ [100%]
=================================== FAILURES ===================================
____________ test_unlisted_real_daily_column_in_fill_state[duckdb] _____________

env = <conftest._EnvDuck object at 0x7f810e949c10>

    def test_unlisted_real_daily_column_in_fill_state(env):
        """fill_state 同 schema 放行：vwap 也按 code 返回窗口前 latest non-null。"""
        env.seed(_with_vwap(_BASE_TABLES))
        fs = load_daily_fill_state(env.rd, ["000001", "600519"], before="2024-01-03",
                                   cols=["close", "vwap"])
>       assert fs["code"].to_list() == ["000001", "600519"]
E       AssertionError: assert ['600519', '000001'] == ['000001', '600519']
E         
E         At index 0 diff: '600519' != '000001'
E         Use -v to get more diff

tests/test_input_surface.py:133: AssertionError
=============================== warnings summary ===============================
.venv/lib/python3.13/site-packages/fastapi/testclient.py:1
  /data/students/gaolei/stock/projects/quant-platform-main/.venv/lib/python3.13/site-packages/fastapi/testclient.py:1: StarletteDeprecationWarning: Using `httpx` with `starlette.testclient` is deprecated; install `httpx2` instead.
    from starlette.testclient import TestClient as TestClient  # noqa

tests/test_backtest_ca_gate.py: 14 warnings
tests/test_backtest_marks_policy.py: 11 warnings
tests/test_backtest_persistence.py: 11 warnings
tests/test_backtest_runtime.py: 10 warnings
tests/test_canonical_artifact_handoff.py: 1 warning
tests/test_execution_calendar.py: 36 warnings
tests/test_execution_signal_chain.py: 15 warnings
tests/test_order_planner.py: 65 warnings
tests/test_portfolio_constructor.py: 26 warnings
tests/test_portfolio_domain.py: 7 warnings
tests/test_strategy_artifacts.py: 58 warnings
  /data/students/gaolei/stock/projects/quant-platform-main/src/factorlab/core/domain/portfolio.py:151: PolarsInefficientMapWarning: 
  Expr.map_elements is significantly slower than the native expressions API.
  Only use if you absolutely CANNOT implement your logic otherwise.
  Replace this expression...
    - pl.col("decision_date").map_elements(lambda d: ...)
  with this one instead:
    + pl.col("decision_date").is_in(known)
  
    ~pl.col("decision_date").map_elements(

tests/test_cli.py::test_svd_command_outputs_spectrum
tests/test_correlation.py::test_svd_identifies_orthogonal_structure
tests/test_correlation.py::test_svd_sampling_deterministic
tests/test_correlation.py::test_svd_sampling_deterministic
tests/test_web.py::test_factor_detail_has_correlation_block
tests/test_web.py::test_factor_detail_has_correlation_block
  /data/students/gaolei/stock/projects/quant-platform-main/src/factorlab/eval/correlation.py:55: DeprecationWarning: the argument `columns` for `DataFrame.pivot` is deprecated. It was renamed to `on` in version 1.0.0.
    joined = long.pivot(index=["date", "code"], columns="factor",

-- Docs: https://docs.pytest.org/en/stable/how-to/capture-warnings.html
=========================== short test summary info ============================
FAILED tests/test_input_surface.py::test_unlisted_real_daily_column_in_fill_state[duckdb]
1 failed, 2434 passed, 13 skipped, 261 warnings in 417.99s (0:06:57)
