bash governance/ops/gates.sh
== stock gates ==
[G-COPY] 三方内容不互串 · 契约文档单副本
    ✓ platform/ 顶层无 factor 目录（tools/ 为数据生产线）
    ✓ platform/tools 存在（数据生产线工具集）
    ✓ research/ 顶层无平台 src|tests
    ✓ knowledge/contracts/interface.md 单副本
    ✓ knowledge/contracts/catalog.md 单副本
    ✓ knowledge/contracts/data-ops-playbook.md 单副本
    ✓ knowledge/contracts/teajoin-guide.md 单副本
[G-BOUNDARY] platform/ 不得 import research/
    ✓ 无 platform→research 依赖
[G-LEGACY] 旧路径/旧仓库名残留 = 0（冻结文档豁免）
    ✓ 活文件零残留（tracked+untracked；豁免：3 份历史文档 + data-map 归档行 + R17 删除记录行）
    ✓ 已迁路径活引用零残留（R06-M9+R07：docs/*、runs 旧路径、工具旧路径、emb、裸 results/；tracked+untracked）
[G-PATHS] pyproject / pytest 路径自洽
    ✓ platform pythonpath=src
    ✓ platform/src/factorlab 存在
    ✓ research 有 testpaths
    ✓ 根无 pyproject.toml
[G-IMPORTS] 全仓 factorlab.* 导入可解析（含负向自检）
    ✓ 自检通过（能抓到迁移遗漏）
    ✓ G-IMPORTS 通过（扫描 601 个文件）
[G-INDEX] 因子索引与生成器一致
    ✓ 索引一致 ✓
[G-INDEX] 策略索引与生成器一致 · spec↔档案成对
    ✓ 策略索引一致 ✓
[G-INDEX] composite 索引与生成器一致 · spec↔档案成对
    ✓ 合成分索引一致 ✓
[G-ANNOTATE] 因子档案 snapshot 标注齐备（R21 约定）
    ✓ snapshot 标注齐备：231 份 ✓（sample_role 齐备）
[G-LOCKBOX] 样本声明与锁箱登记一致
    ✓ root=/data/students/gaolei/quantresearch errors=0 warnings=0（含台账交叉核对）
    ✓ 负向自检通过（缺字段/空 id/幽灵 id/历史探索行冒充终评/档案缺声明；干净样本不误伤）
[G-REVIEWS] 评审台账口径（ID 唯一/状态词表/引用路径/统计实计）
    ✓ 127 行 finding（fixed-claimed 0）：ID 唯一、状态合法、引用路径可解析、统计自洽；闭环：复查列 117/127、fixed-claimed 未复查 0（无）、报告/复查列-台账状态告警 10；实计 R01 13C/50I、R02 2C/9I、R03 0C/8I、R05 1C/3I、R06 0C/8I、R07 0C/8I、R08 0C/2I、R09 0C/2I、R31 1C/3I、R36 0C/1I、R37 0C/6I、R43 0C/1I
    · 统计声明 5 条：核对通过 4、豁免 1（R01 首行统计为 2026-09-15 评审初始口径（EVID C1/C2、STRAT-C3 等后续登记未计入）；append-only 不改统计行；R04-Q7 实计 13C+50I）
    · 路径豁免：polars_ta（vendor）/ platform/results（已迁 runs/platform）/ projects/ashare_alpha3（已归档 _archive/）/ .venv（环境）/ /tmp（临时 probe）；历史不精确引用豁免命中 10 处（R06-M1 类）
    ✓ 负向自检通过（重复 ID/非法状态/死路径/空修复说明/统计不符）
[G-LINT] 全库因子 spec lint（单进程批跑；挖矿在途 spec 一并计入）
    ✓ factor lint: 284 通过 / 0 失败
[G-VENV] 平台 editable 落位断言
    ✓ factorlab → platform/src ✓
    ✓ quant_core 独立包已删除（内核并入 factorlab）✓

[G-TOPO] 工具拓扑：依赖方向 / 横向耦合
  ✓ 0 处（core 不做反向依赖、生产不带诊断、工具不互相 import、lib 是叶子）
  ✓ 负向自检：四类违规各命中 1 处、合法路径零误报

  ⏸ 暂停豁免：platform/tools/lob_fact（tick 全线暂停，pending-items #23；恢复时移除本豁免并一次修完）
[G-CONTRACT/工具树分区字面量] ENFORCED：`year=` 只许经 core.factio.partitions
  ✓ 0 处（AST：非 docstring 字符串常量）
[G-MARK] ENFORCED：标记/断点名只经 lib.writekit 单点 API
  ✓ 0 处（注释/print 文案不算；writekit 自身豁免）
[G-CONTRACT/平台表名字面量] REPORT：73 处（未竟 → governance/workspace/pending-items.md #12①）
      platform/src/factorlab/adapters/catalog.py:169: 'adj_factor'
      platform/src/factorlab/adapters/catalog.py:213: 'daily_basic'
      platform/src/factorlab/adapters/intraday.py:62: 'bars_1m'
      platform/src/factorlab/adapters/intraday.py:63: 'tick_trades'
      platform/src/factorlab/adapters/intraday.py:64: 'tick_orders'
[G-MARK/接线] ENFORCED：用 `W.` 的模块必须导入 lib.writekit
  ✓ 0 处（漏 import 会在 main() 运行时才炸，门提前拦住）
[G-READ] ENFORCED：工具树直读 parquet 只允许登记点，且不指向事实库分区
  ✓ 0 处违规（登记 48 个理由明确的直读点；新增未登记即失败）
数据接口门：ENFORCED 全绿
  ✓ 负向自检：分区字面量 3 / 标记直构 3 / 直读 3 / 漏 import 1 处违规被抓到；docstring、writekit API、print 文案、登记过的 manifest 读均不误伤

[G-REF] 参考库基础指标审计
  ! 门槛违规 6 员：intraday_abs_auction_premium(1d_ir,consistency), intraday_turnover_cv(1d_t,1d_ir,consistency), intraday_parkinson_ratio(consistency), intraday_volume_entropy(consistency), intraday_time_of_max_r(1d_t,1d_ir,consistency), intraday_time_range_conc(h20_sign)
[G-REF] 结构绿（enforcement=report）

结构门：全绿
数据接口门：ENFORCED 判定（AST）+ REPORT 未竟计数（见 governance/ops/check_dataiface.py）
