FFFFFFF                                                                                                                                                                                          [100%]
=============================================================================================== FAILURES ===============================================================================================
______________________________________________________________ test_factor_resic_daily_horizon_uses_each_date_and_weekly_remains_default _______________________________________________________________

tmp_path = PosixPath('/tmp/pytest-of-gaolei/pytest-4044/test_factor_resic_daily_horizo0'), monkeypatch = <_pytest.monkeypatch.MonkeyPatch object at 0x7fabf5410640>

    def test_factor_resic_daily_horizon_uses_each_date_and_weekly_remains_default(
            tmp_path, monkeypatch):
        """1d resIC must use daily panels when requested; omitted frequency stays weekly."""
        rd = tmp_path / "results"
        monkeypatch.setattr(settings, "results_dir", rd)
        dates = [
            datetime.date(2024, 1, 8) + datetime.timedelta(days=i)
            for i in (0, 1, 2, 3, 4, 7, 8, 9, 10, 11)
        ]
        vs = _basis(3)
        base = np.tile(vs[0], (len(dates), 1))
        candidate = np.tile(vs[0] + vs[1], (len(dates), 1))
        forward = np.tile(0.4 * vs[1] + 0.1 * vs[2], (len(dates), 1))
        _write_daily_resic_panel(rd, "base", dates, base, forward)
        _write_daily_resic_panel(rd, "candidate", dates, candidate, forward)
    
>       daily = F.factor_resic(_args(
            names=["base"], target="candidate", against=None, min_stocks=30,
            frequency="daily", horizon=1, fwd_col=None))

platform/tests/test_research_factor.py:515: 
_ _ _ _ _ _ _ _ _ _ _ _ _ _ _ _ _ _ _ _ _ _ _ _ _ _ _ _ _ _ _ _ _ _ _ _ _ _ _ _ _ _ _ _ _ _ _ _ _ _ _ _ _ _ _ _ _ _ _ _ _ _ _ _ _ _ _ _ _ _ _ _ _ _ _ _ _ _ _ _ _ _ _ _ _ _ _ _ _ _ _ _ _ _ _ _ _ _ _ _ 
platform/src/factorlab/research/factor.py:451: in factor_resic
    r = joint_diagnostics(names, settings.results_dir, target=target,
platform/src/factorlab/app/analysis/cross_section.py:237: in joint_diagnostics
    wide = _join_weekly_wide(all_names, rd, fwd_col, carrier=carrier)
           ^^^^^^^^^^^^^^^^^^^^^^^^^^^^^^^^^^^^^^^^^^^^^^^^^^^^^^^^^^
platform/src/factorlab/app/analysis/cross_section.py:184: in _join_weekly_wide
    df = _read_aligned_panel(results_dir, name, fwd_col, keep_fwd=keep)
         ^^^^^^^^^^^^^^^^^^^^^^^^^^^^^^^^^^^^^^^^^^^^^^^^^^^^^^^^^^^^^^
platform/src/factorlab/app/analysis/cross_section.py:167: in _read_aligned_panel
    df = ParquetPanelStore().read_aligned_panel(results_dir, name, fwd_col, keep_fwd)
         ^^^^^^^^^^^^^^^^^^^^^^^^^^^^^^^^^^^^^^^^^^^^^^^^^^^^^^^^^^^^^^^^^^^^^^^^^^^^
platform/src/factorlab/adapters/panel_store.py:75: in read_aligned_panel
    df = pl.scan_parquet(p).select(cols).collect().rename({"signal": name})
         ^^^^^^^^^^^^^^^^^^^^^^^^^^^^^^^^^^^^^^^^^
platform/.venv/lib/python3.13/site-packages/polars/_utils/deprecation.py:97: in wrapper
    return function(*args, **kwargs)
           ^^^^^^^^^^^^^^^^^^^^^^^^^
platform/.venv/lib/python3.13/site-packages/polars/lazyframe/opt_flags.py:361: in wrapper
    return function(*args, **kwargs)
           ^^^^^^^^^^^^^^^^^^^^^^^^^
platform/.venv/lib/python3.13/site-packages/polars/lazyframe/frame.py:2591: in collect
    return engine_.collect(
_ _ _ _ _ _ _ _ _ _ _ _ _ _ _ _ _ _ _ _ _ _ _ _ _ _ _ _ _ _ _ _ _ _ _ _ _ _ _ _ _ _ _ _ _ _ _ _ _ _ _ _ _ _ _ _ _ _ _ _ _ _ _ _ _ _ _ _ _ _ _ _ _ _ _ _ _ _ _ _ _ _ _ _ _ _ _ _ _ _ _ _ _ _ _ _ _ _ _ _ 

self = _AutoEngine(), lf = <LazyFrame at 0x7FABF5480F50>, optimizations = <polars.lazyframe.opt_flags.QueryOptFlags object at 0x7fabf54810e0>, background = False, post_opt_callback = None

    def collect(
        self,
        lf: LazyFrame,
        *,
        optimizations: QueryOptFlags,
        background: bool = False,
        post_opt_callback: PostOptCallback | None = None,
    ) -> DataFrame | InProcessQuery:
        callback = self._post_opt_callback(
            background=background, eager=optimizations._pyoptflags.eager
        )
        optimizations = self._with_monitoring(optimizations)
    
        ldf = lf._ldf.with_optimizations(optimizations._pyoptflags)
        if background:
            issue_unstable_warning("background mode is considered unstable.")
            return InProcessQuery(ldf.collect_concurrently())
    
        if post_opt_callback is not None:
            callback = post_opt_callback
>       return wrap_df(ldf.collect(self.name, callback))
                       ^^^^^^^^^^^^^^^^^^^^^^^^^^^^^^^^
E       polars.exceptions.ColumnNotFoundError: unable to find column "forward_return_5d"; valid columns: ["date", "code", "signal", "forward_return_1d"]
E       
E       Did you mean "forward_return_1d"?
E       
E       Resolved plan until failure:
E       
E       	---> FAILED HERE RESOLVING 'select' <---
E       Parquet SCAN [/tmp/pytest-of-gaolei/pytest-4044/test_factor_resic_daily_horizo0/results/candidate/panel.parquet]
E       PROJECT */4 COLUMNS
E       ESTIMATED ROWS: 600
E       
E       This error occurred with the following context stack:
E       	[1] 'select'

platform/.venv/lib/python3.13/site-packages/polars/lazyframe/engine.py:435: ColumnNotFoundError
___________________________________________________________________________ test_factor_resic_forward_col_overrides_horizon ____________________________________________________________________________

tmp_path = PosixPath('/tmp/pytest-of-gaolei/pytest-4044/test_factor_resic_forward_col_0'), monkeypatch = <_pytest.monkeypatch.MonkeyPatch object at 0x7fabf5410510>

    def test_factor_resic_forward_col_overrides_horizon(tmp_path, monkeypatch):
        rd = tmp_path / "results"
        monkeypatch.setattr(settings, "results_dir", rd)
        dates = [datetime.date(2024, 1, 8) + datetime.timedelta(days=i)
                 for i in (0, 1, 2, 3, 4)]
        vs = _basis(2)
        forward = np.tile(vs[1], (len(dates), 1))
        _write_daily_resic_panel(rd, "base", dates,
                                 np.tile(vs[0], (len(dates), 1)), forward)
        _write_daily_resic_panel(rd, "candidate", dates,
                                 np.tile(vs[0] + vs[1], (len(dates), 1)), forward)
    
>       env = F.factor_resic(_args(
            names=["base"], target="candidate", against=None, min_stocks=30,
            frequency="daily", horizon=5, fwd_col="forward_return_1d"))

platform/tests/test_research_factor.py:544: 
_ _ _ _ _ _ _ _ _ _ _ _ _ _ _ _ _ _ _ _ _ _ _ _ _ _ _ _ _ _ _ _ _ _ _ _ _ _ _ _ _ _ _ _ _ _ _ _ _ _ _ _ _ _ _ _ _ _ _ _ _ _ _ _ _ _ _ _ _ _ _ _ _ _ _ _ _ _ _ _ _ _ _ _ _ _ _ _ _ _ _ _ _ _ _ _ _ _ _ _ 
platform/src/factorlab/research/factor.py:451: in factor_resic
    r = joint_diagnostics(names, settings.results_dir, target=target,
platform/src/factorlab/app/analysis/cross_section.py:237: in joint_diagnostics
    wide = _join_weekly_wide(all_names, rd, fwd_col, carrier=carrier)
           ^^^^^^^^^^^^^^^^^^^^^^^^^^^^^^^^^^^^^^^^^^^^^^^^^^^^^^^^^^
platform/src/factorlab/app/analysis/cross_section.py:184: in _join_weekly_wide
    df = _read_aligned_panel(results_dir, name, fwd_col, keep_fwd=keep)
         ^^^^^^^^^^^^^^^^^^^^^^^^^^^^^^^^^^^^^^^^^^^^^^^^^^^^^^^^^^^^^^
platform/src/factorlab/app/analysis/cross_section.py:167: in _read_aligned_panel
    df = ParquetPanelStore().read_aligned_panel(results_dir, name, fwd_col, keep_fwd)
         ^^^^^^^^^^^^^^^^^^^^^^^^^^^^^^^^^^^^^^^^^^^^^^^^^^^^^^^^^^^^^^^^^^^^^^^^^^^^
platform/src/factorlab/adapters/panel_store.py:75: in read_aligned_panel
    df = pl.scan_parquet(p).select(cols).collect().rename({"signal": name})
         ^^^^^^^^^^^^^^^^^^^^^^^^^^^^^^^^^^^^^^^^^
platform/.venv/lib/python3.13/site-packages/polars/_utils/deprecation.py:97: in wrapper
    return function(*args, **kwargs)
           ^^^^^^^^^^^^^^^^^^^^^^^^^
platform/.venv/lib/python3.13/site-packages/polars/lazyframe/opt_flags.py:361: in wrapper
    return function(*args, **kwargs)
           ^^^^^^^^^^^^^^^^^^^^^^^^^
platform/.venv/lib/python3.13/site-packages/polars/lazyframe/frame.py:2591: in collect
    return engine_.collect(
_ _ _ _ _ _ _ _ _ _ _ _ _ _ _ _ _ _ _ _ _ _ _ _ _ _ _ _ _ _ _ _ _ _ _ _ _ _ _ _ _ _ _ _ _ _ _ _ _ _ _ _ _ _ _ _ _ _ _ _ _ _ _ _ _ _ _ _ _ _ _ _ _ _ _ _ _ _ _ _ _ _ _ _ _ _ _ _ _ _ _ _ _ _ _ _ _ _ _ _ 

self = _AutoEngine(), lf = <LazyFrame at 0x7FABA41723F0>, optimizations = <polars.lazyframe.opt_flags.QueryOptFlags object at 0x7faba41704b0>, background = False, post_opt_callback = None

    def collect(
        self,
        lf: LazyFrame,
        *,
        optimizations: QueryOptFlags,
        background: bool = False,
        post_opt_callback: PostOptCallback | None = None,
    ) -> DataFrame | InProcessQuery:
        callback = self._post_opt_callback(
            background=background, eager=optimizations._pyoptflags.eager
        )
        optimizations = self._with_monitoring(optimizations)
    
        ldf = lf._ldf.with_optimizations(optimizations._pyoptflags)
        if background:
            issue_unstable_warning("background mode is considered unstable.")
            return InProcessQuery(ldf.collect_concurrently())
    
        if post_opt_callback is not None:
            callback = post_opt_callback
>       return wrap_df(ldf.collect(self.name, callback))
                       ^^^^^^^^^^^^^^^^^^^^^^^^^^^^^^^^
E       polars.exceptions.ColumnNotFoundError: unable to find column "forward_return_5d"; valid columns: ["date", "code", "signal", "forward_return_1d"]
E       
E       Did you mean "forward_return_1d"?
E       
E       Resolved plan until failure:
E       
E       	---> FAILED HERE RESOLVING 'select' <---
E       Parquet SCAN [/tmp/pytest-of-gaolei/pytest-4044/test_factor_resic_forward_col_0/results/candidate/panel.parquet]
E       PROJECT */4 COLUMNS
E       ESTIMATED ROWS: 300
E       
E       This error occurred with the following context stack:
E       	[1] 'select'

platform/.venv/lib/python3.13/site-packages/polars/lazyframe/engine.py:435: ColumnNotFoundError
_______________________________________________________________ test_factor_resic_rejects_invalid_horizon_or_frequency[kwargs0-horizon] ________________________________________________________________

tmp_path = PosixPath('/tmp/pytest-of-gaolei/pytest-4044/test_factor_resic_rejects_inva0'), monkeypatch = <_pytest.monkeypatch.MonkeyPatch object at 0x7fabf542d010>, kwargs = {'horizon': 0}
message = 'horizon'

    @pytest.mark.parametrize("kwargs, message", [
        ({"horizon": 0}, "horizon"),
        ({"frequency": "monthly"}, "frequency"),
    ])
    def test_factor_resic_rejects_invalid_horizon_or_frequency(
            tmp_path, monkeypatch, kwargs, message):
        monkeypatch.setattr(settings, "results_dir", tmp_path / "results")
        args = dict(names=["a"], target="b", against=None, min_stocks=None,
                    frequency="weekly", horizon=None, fwd_col=None)
        args.update(kwargs)
        env = F.factor_resic(_args(**args))
        assert not env.ok
>       assert env.error["code"] == "USAGE"
E       AssertionError: assert 'NOT_FOUND' == 'USAGE'
E         
E         - USAGE
E         + NOT_FOUND

platform/tests/test_research_factor.py:564: AssertionError
______________________________________________________________ test_factor_resic_rejects_invalid_horizon_or_frequency[kwargs1-frequency] _______________________________________________________________

tmp_path = PosixPath('/tmp/pytest-of-gaolei/pytest-4044/test_factor_resic_rejects_inva1'), monkeypatch = <_pytest.monkeypatch.MonkeyPatch object at 0x7fabf54029c0>, kwargs = {'frequency': 'monthly'}
message = 'frequency'

    @pytest.mark.parametrize("kwargs, message", [
        ({"horizon": 0}, "horizon"),
        ({"frequency": "monthly"}, "frequency"),
    ])
    def test_factor_resic_rejects_invalid_horizon_or_frequency(
            tmp_path, monkeypatch, kwargs, message):
        monkeypatch.setattr(settings, "results_dir", tmp_path / "results")
        args = dict(names=["a"], target="b", against=None, min_stocks=None,
                    frequency="weekly", horizon=None, fwd_col=None)
        args.update(kwargs)
        env = F.factor_resic(_args(**args))
        assert not env.ok
>       assert env.error["code"] == "USAGE"
E       AssertionError: assert 'NOT_FOUND' == 'USAGE'
E         
E         - USAGE
E         + NOT_FOUND

platform/tests/test_research_factor.py:564: AssertionError
___________________________________________________________________________ test_factor_resic_rejects_missing_forward_column ___________________________________________________________________________

tmp_path = PosixPath('/tmp/pytest-of-gaolei/pytest-4044/test_factor_resic_rejects_miss0'), monkeypatch = <_pytest.monkeypatch.MonkeyPatch object at 0x7fabf5402f10>

    def test_factor_resic_rejects_missing_forward_column(tmp_path, monkeypatch):
        rd = tmp_path / "results"
        monkeypatch.setattr(settings, "results_dir", rd)
        _write_panel(rd, "base", _tile(_basis(1)[0]), np.zeros((WEEKS, N)))
        _write_panel(rd, "candidate", _tile(_basis(1)[0]), np.zeros((WEEKS, N)))
        env = F.factor_resic(_args(
            names=["base"], target="candidate", against=None, min_stocks=None,
            frequency="daily", horizon=None, fwd_col="forward_return_1d"))
>       assert not env.ok
E       AssertionError: assert not True
E        +  where True = Envelope(ok=True, schema_version=1, command='factor.resic', data={'mode': 'target', 'group': {'mean': None, 'n_weeks':..., 'std': None, 't_stat': None, 'n_weeks': 0, 'obs': None, 'r2_absorbed': 1.0}]}, artifacts={}, warnings=(), error=None).ok

platform/tests/test_research_factor.py:576: AssertionError
_____________________________________________________________________________ test_factor_commands_registered_with_schemas _____________________________________________________________________________

    def test_factor_commands_registered_with_schemas():
        from factorlab.research import registry
        assert FACTOR_COMMANDS <= set(registry.COMMANDS)
        for name in sorted(FACTOR_COMMANDS):
            doc = registry.COMMANDS[name].to_doc()
            assert doc["description"], name
            assert doc["examples"], name
            assert doc["output_schema"], name
        resic = registry.COMMANDS["factor.resic"].to_doc()
>       assert {p["name"] for p in resic["params"]} >= {
            "frequency", "horizon", "fwd_col"}
E       AssertionError: assert {'against', '...ty', 'target'} >= {'frequency',...l', 'horizon'}
E         
E         Extra items in the right set:
E         'fwd_col'
E         'horizon'
E         'frequency'

platform/tests/test_research_factor.py:888: AssertionError
___________________________________________________________________ test_cli_research_factor_resic_daily_flags_and_self_description ____________________________________________________________________

tmp_path = PosixPath('/tmp/pytest-of-gaolei/pytest-4044/test_cli_research_factor_resic0'), monkeypatch = <_pytest.monkeypatch.MonkeyPatch object at 0x7faab1d15150>

    def test_cli_research_factor_resic_daily_flags_and_self_description(
            tmp_path, monkeypatch):
        rd = tmp_path / "results"
        monkeypatch.setattr(settings, "results_dir", rd)
        dates = [
            datetime.date(2024, 1, 8) + datetime.timedelta(days=i)
            for i in (0, 1, 2, 3, 4, 7, 8, 9, 10, 11)
        ]
        vs = _basis(2)
        forward = np.tile(vs[1], (len(dates), 1))
        _write_daily_resic_panel(rd, "base", dates,
                                 np.tile(vs[0], (len(dates), 1)), forward)
        _write_daily_resic_panel(rd, "candidate", dates,
                                 np.tile(vs[0] + vs[1], (len(dates), 1)), forward)
    
        result = runner.invoke(cli_app, [
            "research", "factor", "resic", "base", "--target", "candidate",
            "--frequency", "daily", "--horizon", "1", "--json",
        ])
>       assert result.exit_code == 0, result.output
E       AssertionError: {"ok": false, "schema_version": 1, "command": "factor.resic", "data": null, "artifacts": {}, "warnings": [], "error": {"code": "USAGE", "message": "参数错误: factor.resic base --target candidate --frequency daily --horizon 1 --json", "hint": "factorlab research describe --command factor.resic", "log": null}}
E         usage: factorlab research factor.resic [--target TARGET] [--min-stocks MIN_STOCKS] [--against AGAINST] [--json] [--pretty] [names ...]
E         factorlab research factor.resic: error: unrecognized arguments: --frequency daily --horizon 1
E         
E       assert 2 == 0
E        +  where 2 = <Result SystemExit(2)>.exit_code

platform/tests/test_research_factor.py:951: AssertionError
======================================================================================= short test summary info ========================================================================================
FAILED platform/tests/test_research_factor.py::test_factor_resic_daily_horizon_uses_each_date_and_weekly_remains_default - polars.exceptions.ColumnNotFoundError: unable to find column "forward_retu...
FAILED platform/tests/test_research_factor.py::test_factor_resic_forward_col_overrides_horizon - polars.exceptions.ColumnNotFoundError: unable to find column "forward_return_5d"; valid columns: ["d...
FAILED platform/tests/test_research_factor.py::test_factor_resic_rejects_invalid_horizon_or_frequency[kwargs0-horizon] - AssertionError: assert 'NOT_FOUND' == 'USAGE'
FAILED platform/tests/test_research_factor.py::test_factor_resic_rejects_invalid_horizon_or_frequency[kwargs1-frequency] - AssertionError: assert 'NOT_FOUND' == 'USAGE'
FAILED platform/tests/test_research_factor.py::test_factor_resic_rejects_missing_forward_column - AssertionError: assert not True
FAILED platform/tests/test_research_factor.py::test_factor_commands_registered_with_schemas - AssertionError: assert {'against', '...ty', 'target'} >= {'frequency',...l', 'horizon'}
FAILED platform/tests/test_research_factor.py::test_cli_research_factor_resic_daily_flags_and_self_description - AssertionError: {"ok": false, "schema_version": 1, "command": "factor.resic", "data"...
7 failed, 37 deselected in 2.61s
