OK   converters/convert_tick_to_parquet.py
OK   converters/convert_minutes_to_parquet.py
FAIL quark_download/quark_share.py
FAIL quark_download/quark_download_v2.py
OK   ch_ingest/ingest_daily.py
OK   ch_ingest/ingest_bars.py
OK   ch_ingest/ingest_tick.py
OK   ch_ingest/derive_stk_limit.py
OK   ch_ingest/adj_backfill.py
OK   ch_ingest/reconcile.py
OK   ashare_ingest/check_inputs.py
OK   ashare_ingest/import_daily.py
OK   ashare_ingest/import_index.py
OK   ashare_ingest/import_fundamentals.py
OK   ashare_ingest/validate_minutes.py
OK   ashare_ingest/validate_tick.py
OK   universe_stages/scripts/run_layer1.py
OK   universe_stages/scripts/run_layer2_sas.py
OK   universe_stages/scripts/run_layer3_tick.py
OK   1m_features/run_1m_feature.py
OK   lob_fact/pipeline/run_lob_batch.py
OK   lob_fact/pipeline/extract_sz_cancels.py
FAIL lob_fact/store/compact_lob.py
