heavy.sh: slot=2/2 avail=70.4GB  max_memory=8GB oom_score_adj=700 -> platform/.venv/bin/python platform/tools/pan_update/cli.py all --categories daily
  [stoken refreshed 02:34:42]
[daily] to_fetch=1 downloaded=0 adopted=0 unchanged=374 manual=0 failed=1
错误：阶段 health 失败（rc=1）：/data/students/gaolei/stock/platform/.venv/bin/python /data/students/gaolei/stock/platform/tools/data_quality/health.py publish --partition latest --run-tag 20260919
  File "/data/students/gaolei/stock/platform/src/factorlab/adapters/duckdb_read.py", line 67, in __init__
    con = duckdb.connect(str(self.path), read_only=True)
_duckdb.IOException: IO Error: Cannot open database "/data/students/gaolei/stock/data/factorlab.duckdb" in read-only mode: database does not exist

The above exception was the direct cause of the following exception:

Traceback (most recent call last):
  File "/data/students/gaolei/stock/platform/tools/data_quality/health.py", line 445, in <module>
    raise SystemExit(main())
                     ~~~~^^
  File "/data/students/gaolei/stock/platform/tools/data_quality/health.py", line 407, in main
    canonical, canonical_full = _read_canonical(partition, args.dataset)
                                ~~~~~~~~~~~~~~~^^^^^^^^^^^^^^^^^^^^^^^^^
  File "/data/students/gaolei/stock/platform/tools/data_quality/health.py", line 297, in _read_canonical
    rd = open_read()
  File "/data/students/gaolei/stock/platform/src/factorlab/app/bootstrap.py", line 58, in open_read
    return DuckDBRead(db_path or settings.platform_db, max_memory=max_memory)
  File "/data/students/gaolei/stock/platform/src/factorlab/adapters/duckdb_read.py", line 69, in __init__
    raise FileNotFoundError(f"平台库不存在: {self.path}") from exc
FileNotFoundError: 平台库不存在: data/factorlab.duckdb
heavy.sh: slot=1/2 avail=65.5GB  max_memory=8GB oom_score_adj=700 -> platform/.venv/bin/python platform/tools/pan_update/cli.py build --categories daily
[daily] 阶段 build：执行完成
